******************************************************************************
             TMS320C2000 Linker PC v18.12.3                    
******************************************************************************
>> Linked Thu Nov 28 17:12:13 2019

OUTPUT FILE NAME:   <Inversor_Trifasico.out>
ENTRY POINT SYMBOL: "_c_int00"  address: 0000a16b


MEMORY CONFIGURATION

         name            origin    length      used     unused   attr    fill
----------------------  --------  ---------  --------  --------  ----  --------
PAGE 0:
  BEGIN                 00000000   00000002  00000002  00000000  RWIX
  RAMM0                 00000050   000003b0  00000004  000003ac  RWIX
  RAML0                 00008000   00001000  00000259  00000da7  RWIX
  RAML1                 00009000   00001800  000012db  00000525  RWIX
  RAML2                 0000a800   00000800  00000000  00000800  RWIX
  RAML3                 0000b000   00001000  00000000  00001000  RWIX
  ZONE7A                00200000   0000fc00  00000000  0000fc00  RWIX
  CSM_RSVD              0033ff80   00000076  00000000  00000076  RWIX
  CSM_PWL               0033fff8   00000008  00000000  00000008  RWIX
  ADC_CAL               00380080   00000009  00000007  00000002  RWIX
  IQTABLES              003fe000   00000b50  00000000  00000b50  RWIX
  IQTABLES2             003feb50   0000008c  00000000  0000008c  RWIX
  FPUTABLES             003febdc   000006a0  00000000  000006a0  RWIX
  BOOTROM               003ff27c   00000d44  00000000  00000d44  RWIX
  RESET                 003fffc0   00000002  00000000  00000002  RWIX

PAGE 1:
  BOOT_RSVD             00000002   0000004e  00000000  0000004e  RWIX
  RAMM1                 00000400   00000400  00000400  00000000  RWIX
  DEV_EMU               00000880   00000180  000000d0  000000b0  RWIX
  FLASH_REGS            00000a80   00000060  00000008  00000058  RWIX
  CSM                   00000ae0   00000010  00000010  00000000  RWIX
  ADC_MIRROR            00000b00   00000010  00000010  00000000  RWIX
  XINTF                 00000b20   00000020  0000001e  00000002  RWIX
  CPU_TIMER0            00000c00   00000008  00000008  00000000  RWIX
  CPU_TIMER1            00000c08   00000008  00000008  00000000  RWIX
  CPU_TIMER2            00000c10   00000008  00000008  00000000  RWIX
  PIE_CTRL              00000ce0   00000020  0000001a  00000006  RWIX
  PIE_VECT              00000d00   00000100  00000100  00000000  RWIX
  DMA                   00001000   00000200  000000e0  00000120  RWIX
  MCBSPA                00005000   00000040  00000025  0000001b  RWIX
  MCBSPB                00005040   00000040  00000025  0000001b  RWIX
  ECANA                 00006000   00000040  00000034  0000000c  RWIX
  ECANA_LAM             00006040   00000040  00000040  00000000  RWIX
  ECANA_MOTS            00006080   00000040  00000040  00000000  RWIX
  ECANA_MOTO            000060c0   00000040  00000040  00000000  RWIX
  ECANA_MBOX            00006100   00000100  00000100  00000000  RWIX
  ECANB                 00006200   00000040  00000034  0000000c  RWIX
  ECANB_LAM             00006240   00000040  00000040  00000000  RWIX
  ECANB_MOTS            00006280   00000040  00000040  00000000  RWIX
  ECANB_MOTO            000062c0   00000040  00000040  00000000  RWIX
  ECANB_MBOX            00006300   00000100  00000100  00000000  RWIX
  EPWM1                 00006800   00000022  00000022  00000000  RWIX
  EPWM2                 00006840   00000022  00000022  00000000  RWIX
  EPWM3                 00006880   00000022  00000022  00000000  RWIX
  EPWM4                 000068c0   00000022  00000022  00000000  RWIX
  EPWM5                 00006900   00000022  00000022  00000000  RWIX
  EPWM6                 00006940   00000022  00000022  00000000  RWIX
  ECAP1                 00006a00   00000020  00000020  00000000  RWIX
  ECAP2                 00006a20   00000020  00000020  00000000  RWIX
  ECAP3                 00006a40   00000020  00000020  00000000  RWIX
  ECAP4                 00006a60   00000020  00000020  00000000  RWIX
  ECAP5                 00006a80   00000020  00000020  00000000  RWIX
  ECAP6                 00006aa0   00000020  00000020  00000000  RWIX
  EQEP1                 00006b00   00000040  00000040  00000000  RWIX
  EQEP2                 00006b40   00000040  00000040  00000000  RWIX
  GPIOCTRL              00006f80   00000040  0000002e  00000012  RWIX
  GPIODAT               00006fc0   00000020  00000020  00000000  RWIX
  GPIOINT               00006fe0   00000020  0000000a  00000016  RWIX
  SYSTEM                00007010   00000020  00000020  00000000  RWIX
  SPIA                  00007040   00000010  00000010  00000000  RWIX
  SCIA                  00007050   00000010  00000010  00000000  RWIX
  XINTRUPT              00007070   00000010  00000010  00000000  RWIX
  ADC                   00007100   00000020  0000001e  00000002  RWIX
  SCIB                  00007750   00000010  00000010  00000000  RWIX
  SCIC                  00007770   00000010  00000010  00000000  RWIX
  I2CA                  00007900   00000040  00000022  0000001e  RWIX
  RAML4                 0000c000   00001000  00000205  00000dfb  RWIX
  RAML5                 0000d000   00001000  00000122  00000ede  RWIX
  RAML6                 0000e000   00001000  00000000  00001000  RWIX
  RAML7                 0000f000   00001000  00000000  00001000  RWIX
  ZONE7B                0020fc00   00000400  00000000  00000400  RWIX
  CSM_PWL               0033fff8   00000008  00000008  00000000  RWIX
  PARTID                00380090   00000001  00000001  00000000  RWIX


SECTION ALLOCATION MAP

 output                                  attributes/
section   page    origin      length       input sections
--------  ----  ----------  ----------   ----------------
codestart 
*          0    00000000    00000002     
                  00000000    00000002     DSP2833x_CodeStartBranch.obj (codestart)

.cinit     0    00008000    00000259     
                  00008000    0000012c     main3.obj (.cinit)
                  0000812c    0000000e     rts2800_fpu32.lib : exit.c.obj (.cinit)
                  0000813a    00000007     main3.obj (.cinit:_Corrente_Af)
                  00008141    00000007     main3.obj (.cinit:_Corrente_Bf)
                  00008148    00000007     main3.obj (.cinit:_Corrente_Cf)
                  0000814f    00000007     main3.obj (.cinit:_Erro_P)
                  00008156    00000007     main3.obj (.cinit:_Erro_Q)
                  0000815d    00000007     main3.obj (.cinit:_Erro_id)
                  00008164    00000007     main3.obj (.cinit:_Erro_iq)
                  0000816b    00000007     main3.obj (.cinit:_Id_med)
                  00008172    00000007     main3.obj (.cinit:_Id_medf)
                  00008179    00000007     main3.obj (.cinit:_Id_ref)
                  00008180    00000007     main3.obj (.cinit:_Iq_med)
                  00008187    00000007     main3.obj (.cinit:_Iq_medf)
                  0000818e    00000007     main3.obj (.cinit:_Iq_ref)
                  00008195    00000007     main3.obj (.cinit:_P_med)
                  0000819c    00000007     main3.obj (.cinit:_P_medf)
                  000081a3    00000007     main3.obj (.cinit:_Pi_id)
                  000081aa    00000007     main3.obj (.cinit:_Pi_iq)
                  000081b1    00000007     main3.obj (.cinit:_Q_med)
                  000081b8    00000007     main3.obj (.cinit:_Q_medf)
                  000081bf    00000007     main3.obj (.cinit:_Tensao_Af)
                  000081c6    00000007     main3.obj (.cinit:_Tensao_Bf)
                  000081cd    00000007     main3.obj (.cinit:_Tensao_Cf)
                  000081d4    00000007     main3.obj (.cinit:_V_CAP)
                  000081db    00000007     main3.obj (.cinit:_V_CAPF)
                  000081e2    00000007     main3.obj (.cinit:_Vd_med)
                  000081e9    00000007     main3.obj (.cinit:_Vd_medf)
                  000081f0    00000007     main3.obj (.cinit:_Vq_med)
                  000081f7    00000007     main3.obj (.cinit:_Vq_medf)
                  000081fe    00000005     main3.obj (.cinit:_Corrente_A)
                  00008203    00000005     main3.obj (.cinit:_Corrente_B)
                  00008208    00000005     main3.obj (.cinit:_Corrente_C)
                  0000820d    00000005     main3.obj (.cinit:_FLL_Freq)
                  00008212    00000005     main3.obj (.cinit:_FLL_int)
                  00008217    00000005     main3.obj (.cinit:_Tensao_A)
                  0000821c    00000005     main3.obj (.cinit:_Tensao_B)
                  00008221    00000005     main3.obj (.cinit:_Tensao_C)
                  00008226    00000005     main3.obj (.cinit:_V_alfa_int)
                  0000822b    00000005     main3.obj (.cinit:_V_alfa_inter)
                  00008230    00000005     main3.obj (.cinit:_V_alfa_out)
                  00008235    00000005     main3.obj (.cinit:_V_beta_int)
                  0000823a    00000005     main3.obj (.cinit:_V_beta_inter)
                  0000823f    00000005     main3.obj (.cinit:_V_beta_out)
                  00008244    00000005     main3.obj (.cinit:_Vcc)
                  00008249    00000005     rts2800_fpu32.lib : _lock.c.obj (.cinit:__lock)
                  0000824e    00000005                       : _lock.c.obj (.cinit:__unlock)
                  00008253    00000004                       : errno.c.obj (.cinit)
                  00008257    00000002     --HOLE-- [fill = 0]

.text      0    00009000    000012db     
                  00009000    000008ec     main3.obj (.text)
                  000098ec    00000316     DSP2833x_DefaultIsr.obj (.text:retain)
                  00009c02    00000263     main3.obj (.text:retain)
                  00009e65    000000f8     DSP2833x_SysCtrl.obj (.text)
                  00009f5d    000000ca     rts2800_fpu32.lib : s_atanf.c.obj (.text)
                  0000a027    00000088                       : fs_div28.asm.obj (.text)
                  0000a0af    00000063                       : s_cosf.c.obj (.text)
                  0000a112    00000059                       : s_sinf.c.obj (.text)
                  0000a16b    00000056                       : boot28.asm.obj (.text)
                  0000a1c1    00000029                       : exit.c.obj (.text)
                  0000a1ea    00000028     DSP2833x_PieCtrl.obj (.text)
                  0000a212    00000027     rts2800_fpu32.lib : e_sqrtf.c.obj (.text)
                  0000a239    00000024                       : cpy_tbl.c.obj (.text)
                  0000a25d    00000020     DSP2833x_PieVect.obj (.text)
                  0000a27d    0000001d     rts2800_fpu32.lib : memcpy.c.obj (.text)
                  0000a29a    00000019                       : args_main.c.obj (.text)
                  0000a2b3    00000014     DSP2833x_Adc.obj (.text)
                  0000a2c7    00000009     rts2800_fpu32.lib : _lock.c.obj (.text)
                  0000a2d0    00000008     DSP2833x_CodeStartBranch.obj (.text)
                  0000a2d8    00000002     rts2800_fpu32.lib : pre_init.c.obj (.text)
                  0000a2da    00000001                       : startup.c.obj (.text)

.pinit     0    00008000    00000000     UNINITIALIZED

.stack     1    00000400    00000400     UNINITIALIZED
                  00000400    00000400     --HOLE--

DevEmuRegsFile 
*          1    00000880    000000d0     UNINITIALIZED
                  00000880    000000d0     DSP2833x_GlobalVariableDefs.obj (DevEmuRegsFile)

FlashRegsFile 
*          1    00000a80    00000008     UNINITIALIZED
                  00000a80    00000008     DSP2833x_GlobalVariableDefs.obj (FlashRegsFile)

CsmRegsFile 
*          1    00000ae0    00000010     UNINITIALIZED
                  00000ae0    00000010     DSP2833x_GlobalVariableDefs.obj (CsmRegsFile)

AdcMirrorFile 
*          1    00000b00    00000010     UNINITIALIZED
                  00000b00    00000010     DSP2833x_GlobalVariableDefs.obj (AdcMirrorFile)

XintfRegsFile 
*          1    00000b20    0000001e     UNINITIALIZED
                  00000b20    0000001e     DSP2833x_GlobalVariableDefs.obj (XintfRegsFile)

CpuTimer0RegsFile 
*          1    00000c00    00000008     UNINITIALIZED
                  00000c00    00000008     DSP2833x_GlobalVariableDefs.obj (CpuTimer0RegsFile)

CpuTimer1RegsFile 
*          1    00000c08    00000008     UNINITIALIZED
                  00000c08    00000008     DSP2833x_GlobalVariableDefs.obj (CpuTimer1RegsFile)

CpuTimer2RegsFile 
*          1    00000c10    00000008     UNINITIALIZED
                  00000c10    00000008     DSP2833x_GlobalVariableDefs.obj (CpuTimer2RegsFile)

PieCtrlRegsFile 
*          1    00000ce0    0000001a     UNINITIALIZED
                  00000ce0    0000001a     DSP2833x_GlobalVariableDefs.obj (PieCtrlRegsFile)

ECanaMOTSRegsFile 
*          1    00006080    00000040     UNINITIALIZED
                  00006080    00000040     DSP2833x_GlobalVariableDefs.obj (ECanaMOTSRegsFile)

ECanaMOTORegsFile 
*          1    000060c0    00000040     UNINITIALIZED
                  000060c0    00000040     DSP2833x_GlobalVariableDefs.obj (ECanaMOTORegsFile)

ECanbMOTSRegsFile 
*          1    00006280    00000040     UNINITIALIZED
                  00006280    00000040     DSP2833x_GlobalVariableDefs.obj (ECanbMOTSRegsFile)

ECanbMOTORegsFile 
*          1    000062c0    00000040     UNINITIALIZED
                  000062c0    00000040     DSP2833x_GlobalVariableDefs.obj (ECanbMOTORegsFile)

.ebss      1    0000c000    00000205     UNINITIALIZED
                  0000c000    00000072     main3.obj (.ebss)
                  0000c072    00000006     rts2800_fpu32.lib : exit.c.obj (.ebss)
                  0000c078    00000004     main3.obj (.ebss:_Corrente_Af)
                  0000c07c    00000004     main3.obj (.ebss:_Corrente_Bf)
                  0000c080    00000020     main3.obj (.ebss:_Corrente_A)
                  0000c0a0    00000020     main3.obj (.ebss:_Corrente_B)
                  0000c0c0    00000020     main3.obj (.ebss:_Corrente_C)
                  0000c0e0    00000020     main3.obj (.ebss:_Tensao_A)
                  0000c100    00000020     main3.obj (.ebss:_Tensao_B)
                  0000c120    00000020     main3.obj (.ebss:_Tensao_C)
                  0000c140    00000020     main3.obj (.ebss:_Vcc)
                  0000c160    00000018     DSP2833x_CpuTimers.obj (.ebss)
                  0000c178    00000004     main3.obj (.ebss:_Corrente_Cf)
                  0000c17c    00000004     main3.obj (.ebss:_Erro_P)
                  0000c180    00000004     main3.obj (.ebss:_Erro_Q)
                  0000c184    00000004     main3.obj (.ebss:_Erro_id)
                  0000c188    00000004     main3.obj (.ebss:_Erro_iq)
                  0000c18c    00000004     main3.obj (.ebss:_FLL_Freq)
                  0000c190    00000004     main3.obj (.ebss:_FLL_int)
                  0000c194    00000004     main3.obj (.ebss:_Id_med)
                  0000c198    00000004     main3.obj (.ebss:_Id_medf)
                  0000c19c    00000004     main3.obj (.ebss:_Id_ref)
                  0000c1a0    00000004     main3.obj (.ebss:_Iq_med)
                  0000c1a4    00000004     main3.obj (.ebss:_Iq_medf)
                  0000c1a8    00000004     main3.obj (.ebss:_Iq_ref)
                  0000c1ac    00000004     main3.obj (.ebss:_P_med)
                  0000c1b0    00000004     main3.obj (.ebss:_P_medf)
                  0000c1b4    00000004     main3.obj (.ebss:_Pi_id)
                  0000c1b8    00000004     main3.obj (.ebss:_Pi_iq)
                  0000c1bc    00000004     main3.obj (.ebss:_Q_med)
                  0000c1c0    00000004     main3.obj (.ebss:_Q_medf)
                  0000c1c4    00000004     main3.obj (.ebss:_Tensao_Af)
                  0000c1c8    00000004     main3.obj (.ebss:_Tensao_Bf)
                  0000c1cc    00000004     main3.obj (.ebss:_Tensao_Cf)
                  0000c1d0    00000004     main3.obj (.ebss:_V_CAP)
                  0000c1d4    00000004     main3.obj (.ebss:_V_CAPF)
                  0000c1d8    00000004     main3.obj (.ebss:_V_alfa_int)
                  0000c1dc    00000004     main3.obj (.ebss:_V_alfa_inter)
                  0000c1e0    00000004     main3.obj (.ebss:_V_alfa_out)
                  0000c1e4    00000004     main3.obj (.ebss:_V_beta_int)
                  0000c1e8    00000004     main3.obj (.ebss:_V_beta_inter)
                  0000c1ec    00000004     main3.obj (.ebss:_V_beta_out)
                  0000c1f0    00000004     main3.obj (.ebss:_Vd_med)
                  0000c1f4    00000004     main3.obj (.ebss:_Vd_medf)
                  0000c1f8    00000004     main3.obj (.ebss:_Vq_med)
                  0000c1fc    00000004     main3.obj (.ebss:_Vq_medf)
                  0000c200    00000002     rts2800_fpu32.lib : _lock.c.obj (.ebss:__lock)
                  0000c202    00000002                       : _lock.c.obj (.ebss:__unlock)
                  0000c204    00000001                       : errno.c.obj (.ebss)

.econst    1    0000d000    00000122     
                  0000d000    00000100     DSP2833x_PieVect.obj (.econst:_PieVectTableInit)
                  0000d100    0000000a     rts2800_fpu32.lib : s_atanf.c.obj (.econst:_aT)
                  0000d10a    00000008                       : s_atanf.c.obj (.econst:_atanhi)
                  0000d112    00000008                       : s_atanf.c.obj (.econst:_atanlo)
                  0000d11a    00000004     main3.obj (.econst)
                  0000d11e    00000004     rts2800_fpu32.lib : s_atanf.c.obj (.econst)

.reset     0    003fffc0    00000002     DSECT
                  003fffc0    00000002     rts2800_fpu32.lib : boot28.asm.obj (.reset)

csm_rsvd   0    0033ff80    00000000     DSECT

csmpasswds 
*          0    0033fff8    00000000     DSECT

.adc_cal   0    00380080    00000007     NOLOAD SECTION
                  00380080    00000007     DSP2833x_ADC_cal.obj (.adc_cal)

PieVectTableFile 
*          1    00000d00    00000100     UNINITIALIZED
                  00000d00    00000100     DSP2833x_GlobalVariableDefs.obj (PieVectTableFile)

DmaRegsFile 
*          1    00001000    000000e0     UNINITIALIZED
                  00001000    000000e0     DSP2833x_GlobalVariableDefs.obj (DmaRegsFile)

McbspaRegsFile 
*          1    00005000    00000025     UNINITIALIZED
                  00005000    00000025     DSP2833x_GlobalVariableDefs.obj (McbspaRegsFile)

McbspbRegsFile 
*          1    00005040    00000025     UNINITIALIZED
                  00005040    00000025     DSP2833x_GlobalVariableDefs.obj (McbspbRegsFile)

ECanaRegsFile 
*          1    00006000    00000034     UNINITIALIZED
                  00006000    00000034     DSP2833x_GlobalVariableDefs.obj (ECanaRegsFile)

ECanaLAMRegsFile 
*          1    00006040    00000040     UNINITIALIZED
                  00006040    00000040     DSP2833x_GlobalVariableDefs.obj (ECanaLAMRegsFile)

ECanaMboxesFile 
*          1    00006100    00000100     UNINITIALIZED
                  00006100    00000100     DSP2833x_GlobalVariableDefs.obj (ECanaMboxesFile)

ECanbRegsFile 
*          1    00006200    00000034     UNINITIALIZED
                  00006200    00000034     DSP2833x_GlobalVariableDefs.obj (ECanbRegsFile)

ECanbLAMRegsFile 
*          1    00006240    00000040     UNINITIALIZED
                  00006240    00000040     DSP2833x_GlobalVariableDefs.obj (ECanbLAMRegsFile)

ECanbMboxesFile 
*          1    00006300    00000100     UNINITIALIZED
                  00006300    00000100     DSP2833x_GlobalVariableDefs.obj (ECanbMboxesFile)

EPwm1RegsFile 
*          1    00006800    00000022     UNINITIALIZED
                  00006800    00000022     DSP2833x_GlobalVariableDefs.obj (EPwm1RegsFile)

EPwm2RegsFile 
*          1    00006840    00000022     UNINITIALIZED
                  00006840    00000022     DSP2833x_GlobalVariableDefs.obj (EPwm2RegsFile)

EPwm3RegsFile 
*          1    00006880    00000022     UNINITIALIZED
                  00006880    00000022     DSP2833x_GlobalVariableDefs.obj (EPwm3RegsFile)

EPwm4RegsFile 
*          1    000068c0    00000022     UNINITIALIZED
                  000068c0    00000022     DSP2833x_GlobalVariableDefs.obj (EPwm4RegsFile)

EPwm5RegsFile 
*          1    00006900    00000022     UNINITIALIZED
                  00006900    00000022     DSP2833x_GlobalVariableDefs.obj (EPwm5RegsFile)

EPwm6RegsFile 
*          1    00006940    00000022     UNINITIALIZED
                  00006940    00000022     DSP2833x_GlobalVariableDefs.obj (EPwm6RegsFile)

ECap1RegsFile 
*          1    00006a00    00000020     UNINITIALIZED
                  00006a00    00000020     DSP2833x_GlobalVariableDefs.obj (ECap1RegsFile)

ECap2RegsFile 
*          1    00006a20    00000020     UNINITIALIZED
                  00006a20    00000020     DSP2833x_GlobalVariableDefs.obj (ECap2RegsFile)

ECap3RegsFile 
*          1    00006a40    00000020     UNINITIALIZED
                  00006a40    00000020     DSP2833x_GlobalVariableDefs.obj (ECap3RegsFile)

ECap4RegsFile 
*          1    00006a60    00000020     UNINITIALIZED
                  00006a60    00000020     DSP2833x_GlobalVariableDefs.obj (ECap4RegsFile)

ECap5RegsFile 
*          1    00006a80    00000020     UNINITIALIZED
                  00006a80    00000020     DSP2833x_GlobalVariableDefs.obj (ECap5RegsFile)

ECap6RegsFile 
*          1    00006aa0    00000020     UNINITIALIZED
                  00006aa0    00000020     DSP2833x_GlobalVariableDefs.obj (ECap6RegsFile)

EQep1RegsFile 
*          1    00006b00    00000040     UNINITIALIZED
                  00006b00    00000040     DSP2833x_GlobalVariableDefs.obj (EQep1RegsFile)

EQep2RegsFile 
*          1    00006b40    00000040     UNINITIALIZED
                  00006b40    00000040     DSP2833x_GlobalVariableDefs.obj (EQep2RegsFile)

GpioCtrlRegsFile 
*          1    00006f80    0000002e     UNINITIALIZED
                  00006f80    0000002e     DSP2833x_GlobalVariableDefs.obj (GpioCtrlRegsFile)

GpioDataRegsFile 
*          1    00006fc0    00000020     UNINITIALIZED
                  00006fc0    00000020     DSP2833x_GlobalVariableDefs.obj (GpioDataRegsFile)

GpioIntRegsFile 
*          1    00006fe0    0000000a     UNINITIALIZED
                  00006fe0    0000000a     DSP2833x_GlobalVariableDefs.obj (GpioIntRegsFile)

SysCtrlRegsFile 
*          1    00007010    00000020     UNINITIALIZED
                  00007010    00000020     DSP2833x_GlobalVariableDefs.obj (SysCtrlRegsFile)

SpiaRegsFile 
*          1    00007040    00000010     UNINITIALIZED
                  00007040    00000010     DSP2833x_GlobalVariableDefs.obj (SpiaRegsFile)

SciaRegsFile 
*          1    00007050    00000010     UNINITIALIZED
                  00007050    00000010     DSP2833x_GlobalVariableDefs.obj (SciaRegsFile)

XIntruptRegsFile 
*          1    00007070    00000010     UNINITIALIZED
                  00007070    00000010     DSP2833x_GlobalVariableDefs.obj (XIntruptRegsFile)

AdcRegsFile 
*          1    00007100    0000001e     UNINITIALIZED
                  00007100    0000001e     DSP2833x_GlobalVariableDefs.obj (AdcRegsFile)

ScibRegsFile 
*          1    00007750    00000010     UNINITIALIZED
                  00007750    00000010     DSP2833x_GlobalVariableDefs.obj (ScibRegsFile)

ScicRegsFile 
*          1    00007770    00000010     UNINITIALIZED
                  00007770    00000010     DSP2833x_GlobalVariableDefs.obj (ScicRegsFile)

I2caRegsFile 
*          1    00007900    00000022     UNINITIALIZED
                  00007900    00000022     DSP2833x_GlobalVariableDefs.obj (I2caRegsFile)

CsmPwlFile 
*          1    0033fff8    00000008     UNINITIALIZED
                  0033fff8    00000008     DSP2833x_GlobalVariableDefs.obj (CsmPwlFile)

PartIdRegsFile 
*          1    00380090    00000001     UNINITIALIZED
                  00380090    00000001     DSP2833x_GlobalVariableDefs.obj (PartIdRegsFile)

ramfuncs   0    00000050    00000004     
                  00000050    00000004     DSP2833x_usDelay.obj (ramfuncs)

MODULE SUMMARY

       Module                            code   initialized data   uninitialized data
       ------                            ----   ----------------   ------------------
    .\
       main3.obj                         2895   575                482               
       DSP2833x_GlobalVariableDefs.obj   0      0                  2679              
       DSP2833x_DefaultIsr.obj           790    0                  0                 
       DSP2833x_PieVect.obj              32     256                0                 
       DSP2833x_SysCtrl.obj              248    0                  0                 
       DSP2833x_PieCtrl.obj              40     0                  0                 
       DSP2833x_CpuTimers.obj            0      0                  24                
       DSP2833x_Adc.obj                  20     0                  0                 
       DSP2833x_CodeStartBranch.obj      10     0                  0                 
       DSP2833x_ADC_cal.obj              7      0                  0                 
       DSP2833x_usDelay.obj              4      0                  0                 
    +--+---------------------------------+------+------------------+--------------------+
       Total:                            4046   831                3185              
                                                                                     
    C:\ti\ccs920\ccs\tools\compiler\ti-cgt-c2000_18.12.3.LTS\lib\rts2800_fpu32.lib
       s_atanf.c.obj                     202    30                 0                 
       fs_div28.asm.obj                  136    0                  0                 
       s_cosf.c.obj                      99     0                  0                 
       s_sinf.c.obj                      89     0                  0                 
       boot28.asm.obj                    86     0                  0                 
       exit.c.obj                        41     14                 6                 
       e_sqrtf.c.obj                     39     0                  0                 
       cpy_tbl.c.obj                     36     0                  0                 
       memcpy.c.obj                      29     0                  0                 
       args_main.c.obj                   25     0                  0                 
       _lock.c.obj                       9      10                 4                 
       errno.c.obj                       0      4                  1                 
       pre_init.c.obj                    2      0                  0                 
       startup.c.obj                     1      0                  0                 
    +--+---------------------------------+------+------------------+--------------------+
       Total:                            794    58                 11                
                                                                                     
       Stack:                            0      0                  1024              
    +--+---------------------------------+------+------------------+--------------------+
       Grand Total:                      4840   889                4220              


GLOBAL DATA SYMBOLS: SORTED BY DATA PAGE

address     data page           name
--------    ----------------    ----
00000400      10 (00000400)     __stack

00000880      22 (00000880)     _DevEmuRegs

00000a80      2a (00000a80)     _FlashRegs

00000ae0      2b (00000ac0)     _CsmRegs

00000b00      2c (00000b00)     _AdcMirror
00000b20      2c (00000b00)     _XintfRegs

00000c00      30 (00000c00)     _CpuTimer0Regs
00000c08      30 (00000c00)     _CpuTimer1Regs
00000c10      30 (00000c00)     _CpuTimer2Regs

00000ce0      33 (00000cc0)     _PieCtrlRegs

00000d00      34 (00000d00)     _PieVectTable

00001000      40 (00001000)     _DmaRegs

00005000     140 (00005000)     _McbspaRegs

00005040     141 (00005040)     _McbspbRegs

00006000     180 (00006000)     _ECanaRegs

00006040     181 (00006040)     _ECanaLAMRegs

00006080     182 (00006080)     _ECanaMOTSRegs

000060c0     183 (000060c0)     _ECanaMOTORegs

00006100     184 (00006100)     _ECanaMboxes

00006200     188 (00006200)     _ECanbRegs

00006240     189 (00006240)     _ECanbLAMRegs

00006280     18a (00006280)     _ECanbMOTSRegs

000062c0     18b (000062c0)     _ECanbMOTORegs

00006300     18c (00006300)     _ECanbMboxes

00006800     1a0 (00006800)     _EPwm1Regs

00006840     1a1 (00006840)     _EPwm2Regs

00006880     1a2 (00006880)     _EPwm3Regs

000068c0     1a3 (000068c0)     _EPwm4Regs

00006900     1a4 (00006900)     _EPwm5Regs

00006940     1a5 (00006940)     _EPwm6Regs

00006a00     1a8 (00006a00)     _ECap1Regs
00006a20     1a8 (00006a00)     _ECap2Regs

00006a40     1a9 (00006a40)     _ECap3Regs
00006a60     1a9 (00006a40)     _ECap4Regs

00006a80     1aa (00006a80)     _ECap5Regs
00006aa0     1aa (00006a80)     _ECap6Regs

00006b00     1ac (00006b00)     _EQep1Regs

00006b40     1ad (00006b40)     _EQep2Regs

00006f80     1be (00006f80)     _GpioCtrlRegs

00006fc0     1bf (00006fc0)     _GpioDataRegs
00006fe0     1bf (00006fc0)     _GpioIntRegs

00007010     1c0 (00007000)     _SysCtrlRegs

00007040     1c1 (00007040)     _SpiaRegs
00007050     1c1 (00007040)     _SciaRegs
00007070     1c1 (00007040)     _XIntruptRegs

00007100     1c4 (00007100)     _AdcRegs

00007750     1dd (00007740)     _ScibRegs
00007770     1dd (00007740)     _ScicRegs

00007900     1e4 (00007900)     _I2caRegs

0000c000     300 (0000c000)     _AD_output1
0000c001     300 (0000c000)     _AD_output2
0000c002     300 (0000c000)     _AD_output3
0000c003     300 (0000c000)     _AD_output4
0000c004     300 (0000c000)     _AD_output5
0000c005     300 (0000c000)     _AD_output6
0000c006     300 (0000c000)     _AD_output7
0000c007     300 (0000c000)     _first_time
0000c008     300 (0000c000)     _counter_PLL
0000c009     300 (0000c000)     _setup_EPWM_first_time
0000c00a     300 (0000c000)     _PI
0000c00c     300 (0000c000)     _V_base
0000c00e     300 (0000c000)     _S_base
0000c010     300 (0000c000)     _I_base
0000c012     300 (0000c000)     _Z_base
0000c014     300 (0000c000)     _KV_PCI
0000c016     300 (0000c000)     _KV_PCI_A
0000c018     300 (0000c000)     _KV_PCI_B
0000c01a     300 (0000c000)     _KV_PCI_C
0000c01c     300 (0000c000)     _KV_PCI_CC
0000c01e     300 (0000c000)     _KI_PCI
0000c020     300 (0000c000)     _Kad
0000c022     300 (0000c000)     _Tensao_A_RMS
0000c024     300 (0000c000)     _Tensao_B_RMS
0000c026     300 (0000c000)     _Tensao_C_RMS
0000c028     300 (0000c000)     _Soma_Tensao_A
0000c02a     300 (0000c000)     _Soma_Tensao_B
0000c02c     300 (0000c000)     _Soma_Tensao_C
0000c02e     300 (0000c000)     _Corrente_A_RMS
0000c030     300 (0000c000)     _Corrente_B_RMS
0000c032     300 (0000c000)     _Corrente_C_RMS
0000c034     300 (0000c000)     _Soma_Corrente_A
0000c036     300 (0000c000)     _Soma_Corrente_B
0000c038     300 (0000c000)     _Soma_Corrente_C
0000c03a     300 (0000c000)     _Contador_Amostras
0000c03c     300 (0000c000)     _V_alfa_P
0000c03e     300 (0000c000)     _V_alfa_N

0000c040     301 (0000c040)     _V_beta_P
0000c042     301 (0000c040)     _V_beta_N
0000c044     301 (0000c040)     _Freq_in
0000c046     301 (0000c040)     _Freq_Rede
0000c048     301 (0000c040)     _Teta
0000c04a     301 (0000c040)     _Vpll
0000c04c     301 (0000c040)     _L_Filt
0000c04e     301 (0000c040)     _L_pu
0000c050     301 (0000c040)     _Vd_pu
0000c052     301 (0000c040)     _Vq_pu
0000c054     301 (0000c040)     _Id_pu
0000c056     301 (0000c040)     _Iq_pu
0000c058     301 (0000c040)     _K1
0000c05a     301 (0000c040)     _K2
0000c05c     301 (0000c040)     _K3
0000c05e     301 (0000c040)     _K4
0000c060     301 (0000c040)     _K5
0000c062     301 (0000c040)     _K6
0000c064     301 (0000c040)     _Ed_inv
0000c066     301 (0000c040)     _Eq_inv
0000c068     301 (0000c040)     _InvFaseA
0000c06a     301 (0000c040)     _InvFaseB
0000c06c     301 (0000c040)     _InvFaseC
0000c06e     301 (0000c040)     _counter_iref
0000c070     301 (0000c040)     _counter_iref_sequence
0000c072     301 (0000c040)     ___TI_enable_exit_profile_output
0000c074     301 (0000c040)     ___TI_cleanup_ptr
0000c076     301 (0000c040)     ___TI_dtors_ptr
0000c078     301 (0000c040)     _Corrente_Af
0000c07c     301 (0000c040)     _Corrente_Bf

0000c080     302 (0000c080)     _Corrente_A
0000c0a0     302 (0000c080)     _Corrente_B

0000c0c0     303 (0000c0c0)     _Corrente_C
0000c0e0     303 (0000c0c0)     _Tensao_A

0000c100     304 (0000c100)     _Tensao_B
0000c120     304 (0000c100)     _Tensao_C

0000c140     305 (0000c140)     _Vcc
0000c160     305 (0000c140)     _CpuTimer0
0000c168     305 (0000c140)     _CpuTimer1
0000c170     305 (0000c140)     _CpuTimer2
0000c178     305 (0000c140)     _Corrente_Cf
0000c17c     305 (0000c140)     _Erro_P

0000c180     306 (0000c180)     _Erro_Q
0000c184     306 (0000c180)     _Erro_id
0000c188     306 (0000c180)     _Erro_iq
0000c18c     306 (0000c180)     _FLL_Freq
0000c190     306 (0000c180)     _FLL_int
0000c194     306 (0000c180)     _Id_med
0000c198     306 (0000c180)     _Id_medf
0000c19c     306 (0000c180)     _Id_ref
0000c1a0     306 (0000c180)     _Iq_med
0000c1a4     306 (0000c180)     _Iq_medf
0000c1a8     306 (0000c180)     _Iq_ref
0000c1ac     306 (0000c180)     _P_med
0000c1b0     306 (0000c180)     _P_medf
0000c1b4     306 (0000c180)     _Pi_id
0000c1b8     306 (0000c180)     _Pi_iq
0000c1bc     306 (0000c180)     _Q_med

0000c1c0     307 (0000c1c0)     _Q_medf
0000c1c4     307 (0000c1c0)     _Tensao_Af
0000c1c8     307 (0000c1c0)     _Tensao_Bf
0000c1cc     307 (0000c1c0)     _Tensao_Cf
0000c1d0     307 (0000c1c0)     _V_CAP
0000c1d4     307 (0000c1c0)     _V_CAPF
0000c1d8     307 (0000c1c0)     _V_alfa_int
0000c1dc     307 (0000c1c0)     _V_alfa_inter
0000c1e0     307 (0000c1c0)     _V_alfa_out
0000c1e4     307 (0000c1c0)     _V_beta_int
0000c1e8     307 (0000c1c0)     _V_beta_inter
0000c1ec     307 (0000c1c0)     _V_beta_out
0000c1f0     307 (0000c1c0)     _Vd_med
0000c1f4     307 (0000c1c0)     _Vd_medf
0000c1f8     307 (0000c1c0)     _Vq_med
0000c1fc     307 (0000c1c0)     _Vq_medf

0000c200     308 (0000c200)     __lock
0000c202     308 (0000c200)     __unlock
0000c204     308 (0000c200)     _errno

0000d000     340 (0000d000)     _PieVectTableInit

0000d11a     344 (0000d100)     _k
0000d11c     344 (0000d100)     _Tau

0033fff8    cfff (0033ffc0)     _CsmPwl

00380090    e002 (00380080)     _PartIdRegs


GLOBAL SYMBOLS: SORTED ALPHABETICALLY BY Name 

page  address   name                            
----  -------   ----                            
0     00009000  .text                           
0     0000a1c1  C$$EXIT                         
0     0000a027  FS$$DIV                         
0     000099d2  _ADCINT_ISR                     
0     00380080  _ADC_cal                        
1     0000c000  _AD_output1                     
1     0000c001  _AD_output2                     
1     0000c002  _AD_output3                     
1     0000c003  _AD_output4                     
1     0000c004  _AD_output5                     
1     0000c005  _AD_output6                     
1     0000c006  _AD_output7                     
1     00000b00  _AdcMirror                      
1     00007100  _AdcRegs                        
0     00009892  _Change_ePWM                    
1     0000c03a  _Contador_Amostras              
1     0000c080  _Corrente_A                     
1     0000c02e  _Corrente_A_RMS                 
1     0000c078  _Corrente_Af                    
1     0000c0a0  _Corrente_B                     
1     0000c030  _Corrente_B_RMS                 
1     0000c07c  _Corrente_Bf                    
1     0000c0c0  _Corrente_C                     
1     0000c032  _Corrente_C_RMS                 
1     0000c178  _Corrente_Cf                    
1     0000c160  _CpuTimer0                      
1     00000c00  _CpuTimer0Regs                  
1     0000c168  _CpuTimer1                      
1     00000c08  _CpuTimer1Regs                  
1     0000c170  _CpuTimer2                      
1     00000c10  _CpuTimer2Regs                  
1     0033fff8  _CsmPwl                         
1     00000ae0  _CsmRegs                        
0     00009f2c  _CsmUnlock                      
0     00009900  _DATALOG_ISR                    
0     00009af4  _DINTCH1_ISR                    
0     00009afe  _DINTCH2_ISR                    
0     00009b08  _DINTCH3_ISR                    
0     00009b12  _DINTCH4_ISR                    
0     00009b1c  _DINTCH5_ISR                    
0     00009b26  _DINTCH6_ISR                    
0     000090a9  _DSOGI_FLL                      
0     00000050  _DSP28x_usDelay                 
0     000092da  _Data_Estimation                
1     00000880  _DevEmuRegs                     
0     00009e78  _DisableDog                     
1     00001000  _DmaRegs                        
0     00009b80  _ECAN0INTA_ISR                  
0     00009b94  _ECAN0INTB_ISR                  
0     00009b8a  _ECAN1INTA_ISR                  
0     00009b9e  _ECAN1INTB_ISR                  
0     00009a68  _ECAP1_INT_ISR                  
0     00009a72  _ECAP2_INT_ISR                  
0     00009a7c  _ECAP3_INT_ISR                  
0     00009a86  _ECAP4_INT_ISR                  
0     00009a90  _ECAP5_INT_ISR                  
0     00009a9a  _ECAP6_INT_ISR                  
1     00006040  _ECanaLAMRegs                   
1     000060c0  _ECanaMOTORegs                  
1     00006080  _ECanaMOTSRegs                  
1     00006100  _ECanaMboxes                    
1     00006000  _ECanaRegs                      
1     00006240  _ECanbLAMRegs                   
1     000062c0  _ECanbMOTORegs                  
1     00006280  _ECanbMOTSRegs                  
1     00006300  _ECanbMboxes                    
1     00006200  _ECanbRegs                      
1     00006a00  _ECap1Regs                      
1     00006a20  _ECap2Regs                      
1     00006a40  _ECap3Regs                      
1     00006a60  _ECap4Regs                      
1     00006a80  _ECap5Regs                      
1     00006aa0  _ECap6Regs                      
0     00009914  _EMUINT_ISR                     
0     00009a2c  _EPWM1_INT_ISR                  
0     000099f0  _EPWM1_TZINT_ISR                
0     00009a36  _EPWM2_INT_ISR                  
0     000099fa  _EPWM2_TZINT_ISR                
0     00009a40  _EPWM3_INT_ISR                  
0     00009a04  _EPWM3_TZINT_ISR                
0     00009a4a  _EPWM4_INT_ISR                  
0     00009a0e  _EPWM4_TZINT_ISR                
0     00009a54  _EPWM5_INT_ISR                  
0     00009a18  _EPWM5_TZINT_ISR                
0     00009a5e  _EPWM6_INT_ISR                  
0     00009a22  _EPWM6_TZINT_ISR                
1     00006800  _EPwm1Regs                      
1     00006840  _EPwm2Regs                      
1     00006880  _EPwm3Regs                      
1     000068c0  _EPwm4Regs                      
1     00006900  _EPwm5Regs                      
1     00006940  _EPwm6Regs                      
0     00009aa4  _EQEP1_INT_ISR                  
0     00009aae  _EQEP2_INT_ISR                  
1     00006b00  _EQep1Regs                      
1     00006b40  _EQep2Regs                      
1     0000c064  _Ed_inv                         
0     0000a209  _EnableInterrupts               
1     0000c066  _Eq_inv                         
1     0000c17c  _Erro_P                         
1     0000c180  _Erro_Q                         
1     0000c184  _Erro_id                        
1     0000c188  _Erro_iq                        
1     0000c18c  _FLL_Freq                       
1     0000c190  _FLL_int                        
1     00000a80  _FlashRegs                      
1     0000c046  _Freq_Rede                      
1     0000c044  _Freq_in                        
1     00006f80  _GpioCtrlRegs                   
1     00006fc0  _GpioDataRegs                   
1     00006fe0  _GpioIntRegs                    
0     00009079  _Gpio_select                    
0     00009b30  _I2CINT1A_ISR                   
0     00009b3a  _I2CINT2A_ISR                   
1     00007900  _I2caRegs                       
0     00009928  _ILLEGAL_ISR                    
0     000098ec  _INT13_ISR                      
0     000098f6  _INT14_ISR                      
1     0000c010  _I_base                         
1     0000c194  _Id_med                         
1     0000c198  _Id_medf                        
1     0000c054  _Id_pu                          
1     0000c19c  _Id_ref                         
0     0000a2b3  _InitAdc                        
0     00009ed1  _InitPeripheralClocks           
0     0000a1ea  _InitPieCtrl                    
0     0000a25d  _InitPieVectTable               
0     00009e80  _InitPll                        
0     00009e65  _InitSysCtrl                    
1     0000c068  _InvFaseA                       
1     0000c06a  _InvFaseB                       
1     0000c06c  _InvFaseC                       
1     0000c1a0  _Iq_med                         
1     0000c1a4  _Iq_medf                        
1     0000c056  _Iq_pu                          
1     0000c1a8  _Iq_ref                         
1     0000c058  _K1                             
1     0000c05a  _K2                             
1     0000c05c  _K3                             
1     0000c05e  _K4                             
1     0000c060  _K5                             
1     0000c062  _K6                             
1     0000c01e  _KI_PCI                         
1     0000c014  _KV_PCI                         
1     0000c016  _KV_PCI_A                       
1     0000c018  _KV_PCI_B                       
1     0000c01a  _KV_PCI_C                       
1     0000c01c  _KV_PCI_CC                      
1     0000c020  _Kad                            
0     00009be4  _LUF_ISR                        
0     00009bda  _LVF_ISR                        
1     0000c04c  _L_Filt                         
1     0000c04e  _L_pu                           
0     00009ae0  _MRINTA_ISR                     
0     00009acc  _MRINTB_ISR                     
0     00009aea  _MXINTA_ISR                     
0     00009ad6  _MXINTB_ISR                     
0     0000943f  _Malha_Controle                 
1     00005000  _McbspaRegs                     
1     00005040  _McbspbRegs                     
0     0000991e  _NMI_ISR                        
1     0000c00a  _PI                             
0     00009bee  _PIE_RESERVED                   
1     0000c1ac  _P_med                          
1     0000c1b0  _P_medf                         
1     00380090  _PartIdRegs                     
1     0000c1b4  _Pi_id                          
1     0000c1b8  _Pi_iq                          
1     00000ce0  _PieCtrlRegs                    
1     00000d00  _PieVectTable                   
1     0000d000  _PieVectTableInit               
1     0000c1bc  _Q_med                          
1     0000c1c0  _Q_medf                         
0     0000990a  _RTOSINT_ISR                    
0     00009b58  _SCIRXINTA_ISR                  
0     00009b6c  _SCIRXINTB_ISR                  
0     00009b44  _SCIRXINTC_ISR                  
0     00009b62  _SCITXINTA_ISR                  
0     00009b76  _SCITXINTB_ISR                  
0     00009b4e  _SCITXINTC_ISR                  
0     000099aa  _SEQ1INT_ISR                    
0     000099b4  _SEQ2INT_ISR                    
0     00009ab8  _SPIRXINTA_ISR                  
0     00009ac2  _SPITXINTA_ISR                  
1     0000c00e  _S_base                         
1     00007050  _SciaRegs                       
1     00007750  _ScibRegs                       
1     00007770  _ScicRegs                       
0     00009e6e  _ServiceDog                     
0     000093a5  _Setup_ePWM                     
1     0000c034  _Soma_Corrente_A                
1     0000c036  _Soma_Corrente_B                
1     0000c038  _Soma_Corrente_C                
1     0000c028  _Soma_Tensao_A                  
1     0000c02a  _Soma_Tensao_B                  
1     0000c02c  _Soma_Tensao_C                  
1     00007040  _SpiaRegs                       
1     00007010  _SysCtrlRegs                    
0     000099dc  _TINT0_ISR                      
1     0000d11c  _Tau                            
1     0000c0e0  _Tensao_A                       
1     0000c022  _Tensao_A_RMS                   
1     0000c1c4  _Tensao_Af                      
1     0000c100  _Tensao_B                       
1     0000c024  _Tensao_B_RMS                   
1     0000c1c8  _Tensao_Bf                      
1     0000c120  _Tensao_C                       
1     0000c026  _Tensao_C_RMS                   
1     0000c1cc  _Tensao_Cf                      
0     000092c1  _Teste_PLL                      
1     0000c048  _Teta                           
0     0000998c  _USER10_ISR                     
0     00009996  _USER11_ISR                     
0     000099a0  _USER12_ISR                     
0     00009932  _USER1_ISR                      
0     0000993c  _USER2_ISR                      
0     00009946  _USER3_ISR                      
0     00009950  _USER4_ISR                      
0     0000995a  _USER5_ISR                      
0     00009964  _USER6_ISR                      
0     0000996e  _USER7_ISR                      
0     00009978  _USER8_ISR                      
0     00009982  _USER9_ISR                      
1     0000c1d0  _V_CAP                          
1     0000c1d4  _V_CAPF                         
1     0000c03e  _V_alfa_N                       
1     0000c03c  _V_alfa_P                       
1     0000c1d8  _V_alfa_int                     
1     0000c1dc  _V_alfa_inter                   
1     0000c1e0  _V_alfa_out                     
1     0000c00c  _V_base                         
1     0000c042  _V_beta_N                       
1     0000c040  _V_beta_P                       
1     0000c1e4  _V_beta_int                     
1     0000c1e8  _V_beta_inter                   
1     0000c1ec  _V_beta_out                     
1     0000c140  _Vcc                            
1     0000c1f0  _Vd_med                         
1     0000c1f4  _Vd_medf                        
1     0000c050  _Vd_pu                          
1     0000c04a  _Vpll                           
1     0000c1f8  _Vq_med                         
1     0000c1fc  _Vq_medf                        
1     0000c052  _Vq_pu                          
0     000099e6  _WAKEINT_ISR                    
0     000099be  _XINT1_ISR                      
0     000099c8  _XINT2_ISR                      
0     00009ba8  _XINT3_ISR                      
0     00009bb2  _XINT4_ISR                      
0     00009bbc  _XINT5_ISR                      
0     00009bc6  _XINT6_ISR                      
0     00009bd0  _XINT7_ISR                      
1     00007070  _XIntruptRegs                   
1     00000b20  _XintfRegs                      
1     0000c012  _Z_base                         
1     00000800  __STACK_END                     
abs   00000400  __STACK_SIZE                    
1     0000c074  ___TI_cleanup_ptr               
1     0000c076  ___TI_dtors_ptr                 
1     0000c072  ___TI_enable_exit_profile_output
abs   ffffffff  ___TI_pprof_out_hndl            
abs   ffffffff  ___TI_prof_data_size            
abs   ffffffff  ___TI_prof_data_start           
abs   ffffffff  ___binit__                      
abs   ffffffff  ___c_args__                     
0     00008000  ___cinit__                      
0     0000a2db  ___etext__                      
abs   ffffffff  ___pinit__                      
0     00009000  ___text__                       
0     0000a29a  __args_main                     
1     0000c200  __lock                          
0     0000a2cf  __nop                           
0     0000a2cb  __register_lock                 
0     0000a2c7  __register_unlock               
1     00000400  __stack                         
0     0000a2da  __system_post_cinit             
0     0000a2d8  __system_pre_init               
1     0000c202  __unlock                        
0     0000a1c1  _abort                          
0     00009c02  _adc_isr                        
0     00009f5d  _atan                           
0     00009f5d  _atanf                          
0     0000a16b  _c_int00                        
0     0000a239  _copy_in                        
0     0000a0af  _cos                            
0     0000a0af  _cosf                           
1     0000c008  _counter_PLL                    
1     0000c06e  _counter_iref                   
1     0000c070  _counter_iref_sequence          
1     0000c204  _errno                          
0     0000a1c3  _exit                           
1     0000c007  _first_time                     
1     0000d11a  _k                              
0     00009000  _main                           
0     0000a27d  _memcpy                         
0     00009bf8  _rsvd_ISR                       
1     0000c009  _setup_EPWM_first_time          
0     0000a112  _sin                            
0     0000a112  _sinf                           
0     0000a212  _sqrt                           
0     0000a212  _sqrtf                          
abs   ffffffff  binit                           
0     00008000  cinit                           
0     00000000  code_start                      
0     0000a2db  etext                           
abs   ffffffff  pinit                           


GLOBAL SYMBOLS: SORTED BY Symbol Address 

page  address   name                            
----  -------   ----                            
0     00000000  code_start                      
0     00000050  _DSP28x_usDelay                 
0     00008000  ___cinit__                      
0     00008000  cinit                           
0     00009000  .text                           
0     00009000  ___text__                       
0     00009000  _main                           
0     00009079  _Gpio_select                    
0     000090a9  _DSOGI_FLL                      
0     000092c1  _Teste_PLL                      
0     000092da  _Data_Estimation                
0     000093a5  _Setup_ePWM                     
0     0000943f  _Malha_Controle                 
0     00009892  _Change_ePWM                    
0     000098ec  _INT13_ISR                      
0     000098f6  _INT14_ISR                      
0     00009900  _DATALOG_ISR                    
0     0000990a  _RTOSINT_ISR                    
0     00009914  _EMUINT_ISR                     
0     0000991e  _NMI_ISR                        
0     00009928  _ILLEGAL_ISR                    
0     00009932  _USER1_ISR                      
0     0000993c  _USER2_ISR                      
0     00009946  _USER3_ISR                      
0     00009950  _USER4_ISR                      
0     0000995a  _USER5_ISR                      
0     00009964  _USER6_ISR                      
0     0000996e  _USER7_ISR                      
0     00009978  _USER8_ISR                      
0     00009982  _USER9_ISR                      
0     0000998c  _USER10_ISR                     
0     00009996  _USER11_ISR                     
0     000099a0  _USER12_ISR                     
0     000099aa  _SEQ1INT_ISR                    
0     000099b4  _SEQ2INT_ISR                    
0     000099be  _XINT1_ISR                      
0     000099c8  _XINT2_ISR                      
0     000099d2  _ADCINT_ISR                     
0     000099dc  _TINT0_ISR                      
0     000099e6  _WAKEINT_ISR                    
0     000099f0  _EPWM1_TZINT_ISR                
0     000099fa  _EPWM2_TZINT_ISR                
0     00009a04  _EPWM3_TZINT_ISR                
0     00009a0e  _EPWM4_TZINT_ISR                
0     00009a18  _EPWM5_TZINT_ISR                
0     00009a22  _EPWM6_TZINT_ISR                
0     00009a2c  _EPWM1_INT_ISR                  
0     00009a36  _EPWM2_INT_ISR                  
0     00009a40  _EPWM3_INT_ISR                  
0     00009a4a  _EPWM4_INT_ISR                  
0     00009a54  _EPWM5_INT_ISR                  
0     00009a5e  _EPWM6_INT_ISR                  
0     00009a68  _ECAP1_INT_ISR                  
0     00009a72  _ECAP2_INT_ISR                  
0     00009a7c  _ECAP3_INT_ISR                  
0     00009a86  _ECAP4_INT_ISR                  
0     00009a90  _ECAP5_INT_ISR                  
0     00009a9a  _ECAP6_INT_ISR                  
0     00009aa4  _EQEP1_INT_ISR                  
0     00009aae  _EQEP2_INT_ISR                  
0     00009ab8  _SPIRXINTA_ISR                  
0     00009ac2  _SPITXINTA_ISR                  
0     00009acc  _MRINTB_ISR                     
0     00009ad6  _MXINTB_ISR                     
0     00009ae0  _MRINTA_ISR                     
0     00009aea  _MXINTA_ISR                     
0     00009af4  _DINTCH1_ISR                    
0     00009afe  _DINTCH2_ISR                    
0     00009b08  _DINTCH3_ISR                    
0     00009b12  _DINTCH4_ISR                    
0     00009b1c  _DINTCH5_ISR                    
0     00009b26  _DINTCH6_ISR                    
0     00009b30  _I2CINT1A_ISR                   
0     00009b3a  _I2CINT2A_ISR                   
0     00009b44  _SCIRXINTC_ISR                  
0     00009b4e  _SCITXINTC_ISR                  
0     00009b58  _SCIRXINTA_ISR                  
0     00009b62  _SCITXINTA_ISR                  
0     00009b6c  _SCIRXINTB_ISR                  
0     00009b76  _SCITXINTB_ISR                  
0     00009b80  _ECAN0INTA_ISR                  
0     00009b8a  _ECAN1INTA_ISR                  
0     00009b94  _ECAN0INTB_ISR                  
0     00009b9e  _ECAN1INTB_ISR                  
0     00009ba8  _XINT3_ISR                      
0     00009bb2  _XINT4_ISR                      
0     00009bbc  _XINT5_ISR                      
0     00009bc6  _XINT6_ISR                      
0     00009bd0  _XINT7_ISR                      
0     00009bda  _LVF_ISR                        
0     00009be4  _LUF_ISR                        
0     00009bee  _PIE_RESERVED                   
0     00009bf8  _rsvd_ISR                       
0     00009c02  _adc_isr                        
0     00009e65  _InitSysCtrl                    
0     00009e6e  _ServiceDog                     
0     00009e78  _DisableDog                     
0     00009e80  _InitPll                        
0     00009ed1  _InitPeripheralClocks           
0     00009f2c  _CsmUnlock                      
0     00009f5d  _atan                           
0     00009f5d  _atanf                          
0     0000a027  FS$$DIV                         
0     0000a0af  _cos                            
0     0000a0af  _cosf                           
0     0000a112  _sin                            
0     0000a112  _sinf                           
0     0000a16b  _c_int00                        
0     0000a1c1  C$$EXIT                         
0     0000a1c1  _abort                          
0     0000a1c3  _exit                           
0     0000a1ea  _InitPieCtrl                    
0     0000a209  _EnableInterrupts               
0     0000a212  _sqrt                           
0     0000a212  _sqrtf                          
0     0000a239  _copy_in                        
0     0000a25d  _InitPieVectTable               
0     0000a27d  _memcpy                         
0     0000a29a  __args_main                     
0     0000a2b3  _InitAdc                        
0     0000a2c7  __register_unlock               
0     0000a2cb  __register_lock                 
0     0000a2cf  __nop                           
0     0000a2d8  __system_pre_init               
0     0000a2da  __system_post_cinit             
0     0000a2db  ___etext__                      
0     0000a2db  etext                           
0     00380080  _ADC_cal                        
1     00000400  __stack                         
1     00000800  __STACK_END                     
1     00000880  _DevEmuRegs                     
1     00000a80  _FlashRegs                      
1     00000ae0  _CsmRegs                        
1     00000b00  _AdcMirror                      
1     00000b20  _XintfRegs                      
1     00000c00  _CpuTimer0Regs                  
1     00000c08  _CpuTimer1Regs                  
1     00000c10  _CpuTimer2Regs                  
1     00000ce0  _PieCtrlRegs                    
1     00000d00  _PieVectTable                   
1     00001000  _DmaRegs                        
1     00005000  _McbspaRegs                     
1     00005040  _McbspbRegs                     
1     00006000  _ECanaRegs                      
1     00006040  _ECanaLAMRegs                   
1     00006080  _ECanaMOTSRegs                  
1     000060c0  _ECanaMOTORegs                  
1     00006100  _ECanaMboxes                    
1     00006200  _ECanbRegs                      
1     00006240  _ECanbLAMRegs                   
1     00006280  _ECanbMOTSRegs                  
1     000062c0  _ECanbMOTORegs                  
1     00006300  _ECanbMboxes                    
1     00006800  _EPwm1Regs                      
1     00006840  _EPwm2Regs                      
1     00006880  _EPwm3Regs                      
1     000068c0  _EPwm4Regs                      
1     00006900  _EPwm5Regs                      
1     00006940  _EPwm6Regs                      
1     00006a00  _ECap1Regs                      
1     00006a20  _ECap2Regs                      
1     00006a40  _ECap3Regs                      
1     00006a60  _ECap4Regs                      
1     00006a80  _ECap5Regs                      
1     00006aa0  _ECap6Regs                      
1     00006b00  _EQep1Regs                      
1     00006b40  _EQep2Regs                      
1     00006f80  _GpioCtrlRegs                   
1     00006fc0  _GpioDataRegs                   
1     00006fe0  _GpioIntRegs                    
1     00007010  _SysCtrlRegs                    
1     00007040  _SpiaRegs                       
1     00007050  _SciaRegs                       
1     00007070  _XIntruptRegs                   
1     00007100  _AdcRegs                        
1     00007750  _ScibRegs                       
1     00007770  _ScicRegs                       
1     00007900  _I2caRegs                       
1     0000c000  _AD_output1                     
1     0000c001  _AD_output2                     
1     0000c002  _AD_output3                     
1     0000c003  _AD_output4                     
1     0000c004  _AD_output5                     
1     0000c005  _AD_output6                     
1     0000c006  _AD_output7                     
1     0000c007  _first_time                     
1     0000c008  _counter_PLL                    
1     0000c009  _setup_EPWM_first_time          
1     0000c00a  _PI                             
1     0000c00c  _V_base                         
1     0000c00e  _S_base                         
1     0000c010  _I_base                         
1     0000c012  _Z_base                         
1     0000c014  _KV_PCI                         
1     0000c016  _KV_PCI_A                       
1     0000c018  _KV_PCI_B                       
1     0000c01a  _KV_PCI_C                       
1     0000c01c  _KV_PCI_CC                      
1     0000c01e  _KI_PCI                         
1     0000c020  _Kad                            
1     0000c022  _Tensao_A_RMS                   
1     0000c024  _Tensao_B_RMS                   
1     0000c026  _Tensao_C_RMS                   
1     0000c028  _Soma_Tensao_A                  
1     0000c02a  _Soma_Tensao_B                  
1     0000c02c  _Soma_Tensao_C                  
1     0000c02e  _Corrente_A_RMS                 
1     0000c030  _Corrente_B_RMS                 
1     0000c032  _Corrente_C_RMS                 
1     0000c034  _Soma_Corrente_A                
1     0000c036  _Soma_Corrente_B                
1     0000c038  _Soma_Corrente_C                
1     0000c03a  _Contador_Amostras              
1     0000c03c  _V_alfa_P                       
1     0000c03e  _V_alfa_N                       
1     0000c040  _V_beta_P                       
1     0000c042  _V_beta_N                       
1     0000c044  _Freq_in                        
1     0000c046  _Freq_Rede                      
1     0000c048  _Teta                           
1     0000c04a  _Vpll                           
1     0000c04c  _L_Filt                         
1     0000c04e  _L_pu                           
1     0000c050  _Vd_pu                          
1     0000c052  _Vq_pu                          
1     0000c054  _Id_pu                          
1     0000c056  _Iq_pu                          
1     0000c058  _K1                             
1     0000c05a  _K2                             
1     0000c05c  _K3                             
1     0000c05e  _K4                             
1     0000c060  _K5                             
1     0000c062  _K6                             
1     0000c064  _Ed_inv                         
1     0000c066  _Eq_inv                         
1     0000c068  _InvFaseA                       
1     0000c06a  _InvFaseB                       
1     0000c06c  _InvFaseC                       
1     0000c06e  _counter_iref                   
1     0000c070  _counter_iref_sequence          
1     0000c072  ___TI_enable_exit_profile_output
1     0000c074  ___TI_cleanup_ptr               
1     0000c076  ___TI_dtors_ptr                 
1     0000c078  _Corrente_Af                    
1     0000c07c  _Corrente_Bf                    
1     0000c080  _Corrente_A                     
1     0000c0a0  _Corrente_B                     
1     0000c0c0  _Corrente_C                     
1     0000c0e0  _Tensao_A                       
1     0000c100  _Tensao_B                       
1     0000c120  _Tensao_C                       
1     0000c140  _Vcc                            
1     0000c160  _CpuTimer0                      
1     0000c168  _CpuTimer1                      
1     0000c170  _CpuTimer2                      
1     0000c178  _Corrente_Cf                    
1     0000c17c  _Erro_P                         
1     0000c180  _Erro_Q                         
1     0000c184  _Erro_id                        
1     0000c188  _Erro_iq                        
1     0000c18c  _FLL_Freq                       
1     0000c190  _FLL_int                        
1     0000c194  _Id_med                         
1     0000c198  _Id_medf                        
1     0000c19c  _Id_ref                         
1     0000c1a0  _Iq_med                         
1     0000c1a4  _Iq_medf                        
1     0000c1a8  _Iq_ref                         
1     0000c1ac  _P_med                          
1     0000c1b0  _P_medf                         
1     0000c1b4  _Pi_id                          
1     0000c1b8  _Pi_iq                          
1     0000c1bc  _Q_med                          
1     0000c1c0  _Q_medf                         
1     0000c1c4  _Tensao_Af                      
1     0000c1c8  _Tensao_Bf                      
1     0000c1cc  _Tensao_Cf                      
1     0000c1d0  _V_CAP                          
1     0000c1d4  _V_CAPF                         
1     0000c1d8  _V_alfa_int                     
1     0000c1dc  _V_alfa_inter                   
1     0000c1e0  _V_alfa_out                     
1     0000c1e4  _V_beta_int                     
1     0000c1e8  _V_beta_inter                   
1     0000c1ec  _V_beta_out                     
1     0000c1f0  _Vd_med                         
1     0000c1f4  _Vd_medf                        
1     0000c1f8  _Vq_med                         
1     0000c1fc  _Vq_medf                        
1     0000c200  __lock                          
1     0000c202  __unlock                        
1     0000c204  _errno                          
1     0000d000  _PieVectTableInit               
1     0000d11a  _k                              
1     0000d11c  _Tau                            
1     0033fff8  _CsmPwl                         
1     00380090  _PartIdRegs                     
abs   00000400  __STACK_SIZE                    
abs   ffffffff  ___TI_pprof_out_hndl            
abs   ffffffff  ___TI_prof_data_size            
abs   ffffffff  ___TI_prof_data_start           
abs   ffffffff  ___binit__                      
abs   ffffffff  ___c_args__                     
abs   ffffffff  ___pinit__                      
abs   ffffffff  binit                           
abs   ffffffff  pinit                           

[306 symbols]
