<?xml version="1.0" encoding="ISO-8859-1" ?>
<link_info>
   <banner>TMS320C2000 Linker PC v18.12.3.LTS</banner>
   <copyright>Copyright (c) 1996-2018 Texas Instruments Incorporated</copyright>
   <link_time>0x5de02a1d</link_time>
   <link_errors>0x0</link_errors>
   <output_file>Inversor_Trifasico.out</output_file>
   <entry_point>
      <name>_c_int00</name>
      <address>0xa16b</address>
   </entry_point>
   <input_file_list>
      <input_file id="fl-2">
         <path>.\</path>
         <kind>object</kind>
         <file>DSP2833x_ADC_cal.obj</file>
         <name>DSP2833x_ADC_cal.obj</name>
      </input_file>
      <input_file id="fl-3">
         <path>.\</path>
         <kind>object</kind>
         <file>DSP2833x_Adc.obj</file>
         <name>DSP2833x_Adc.obj</name>
      </input_file>
      <input_file id="fl-4">
         <path>.\</path>
         <kind>object</kind>
         <file>DSP2833x_CodeStartBranch.obj</file>
         <name>DSP2833x_CodeStartBranch.obj</name>
      </input_file>
      <input_file id="fl-5">
         <path>.\</path>
         <kind>object</kind>
         <file>DSP2833x_CpuTimers.obj</file>
         <name>DSP2833x_CpuTimers.obj</name>
      </input_file>
      <input_file id="fl-6">
         <path>.\</path>
         <kind>object</kind>
         <file>DSP2833x_DefaultIsr.obj</file>
         <name>DSP2833x_DefaultIsr.obj</name>
      </input_file>
      <input_file id="fl-7">
         <path>.\</path>
         <kind>object</kind>
         <file>DSP2833x_GlobalVariableDefs.obj</file>
         <name>DSP2833x_GlobalVariableDefs.obj</name>
      </input_file>
      <input_file id="fl-8">
         <path>.\</path>
         <kind>object</kind>
         <file>DSP2833x_PieCtrl.obj</file>
         <name>DSP2833x_PieCtrl.obj</name>
      </input_file>
      <input_file id="fl-9">
         <path>.\</path>
         <kind>object</kind>
         <file>DSP2833x_PieVect.obj</file>
         <name>DSP2833x_PieVect.obj</name>
      </input_file>
      <input_file id="fl-a">
         <path>.\</path>
         <kind>object</kind>
         <file>DSP2833x_SysCtrl.obj</file>
         <name>DSP2833x_SysCtrl.obj</name>
      </input_file>
      <input_file id="fl-b">
         <path>.\</path>
         <kind>object</kind>
         <file>DSP2833x_usDelay.obj</file>
         <name>DSP2833x_usDelay.obj</name>
      </input_file>
      <input_file id="fl-c">
         <path>.\</path>
         <kind>object</kind>
         <file>main3.obj</file>
         <name>main3.obj</name>
      </input_file>
      <input_file id="fl-11">
         <kind>object</kind>
         <file>&lt;internal&gt;</file>
         <name>&lt;internal&gt;</name>
      </input_file>
      <input_file id="fl-1d">
         <path>C:\ti\ccs920\ccs\tools\compiler\ti-cgt-c2000_18.12.3.LTS\lib\</path>
         <kind>archive</kind>
         <file>rts2800_fpu32.lib</file>
         <name>e_sqrtf.c.obj</name>
      </input_file>
      <input_file id="fl-1e">
         <path>C:\ti\ccs920\ccs\tools\compiler\ti-cgt-c2000_18.12.3.LTS\lib\</path>
         <kind>archive</kind>
         <file>rts2800_fpu32.lib</file>
         <name>s_atanf.c.obj</name>
      </input_file>
      <input_file id="fl-1f">
         <path>C:\ti\ccs920\ccs\tools\compiler\ti-cgt-c2000_18.12.3.LTS\lib\</path>
         <kind>archive</kind>
         <file>rts2800_fpu32.lib</file>
         <name>s_cosf.c.obj</name>
      </input_file>
      <input_file id="fl-20">
         <path>C:\ti\ccs920\ccs\tools\compiler\ti-cgt-c2000_18.12.3.LTS\lib\</path>
         <kind>archive</kind>
         <file>rts2800_fpu32.lib</file>
         <name>s_sinf.c.obj</name>
      </input_file>
      <input_file id="fl-21">
         <path>C:\ti\ccs920\ccs\tools\compiler\ti-cgt-c2000_18.12.3.LTS\lib\</path>
         <kind>archive</kind>
         <file>rts2800_fpu32.lib</file>
         <name>boot28.asm.obj</name>
      </input_file>
      <input_file id="fl-22">
         <path>C:\ti\ccs920\ccs\tools\compiler\ti-cgt-c2000_18.12.3.LTS\lib\</path>
         <kind>archive</kind>
         <file>rts2800_fpu32.lib</file>
         <name>fs_div28.asm.obj</name>
      </input_file>
      <input_file id="fl-23">
         <path>C:\ti\ccs920\ccs\tools\compiler\ti-cgt-c2000_18.12.3.LTS\lib\</path>
         <kind>archive</kind>
         <file>rts2800_fpu32.lib</file>
         <name>cpy_tbl.c.obj</name>
      </input_file>
      <input_file id="fl-24">
         <path>C:\ti\ccs920\ccs\tools\compiler\ti-cgt-c2000_18.12.3.LTS\lib\</path>
         <kind>archive</kind>
         <file>rts2800_fpu32.lib</file>
         <name>memcpy.c.obj</name>
      </input_file>
      <input_file id="fl-25">
         <path>C:\ti\ccs920\ccs\tools\compiler\ti-cgt-c2000_18.12.3.LTS\lib\</path>
         <kind>archive</kind>
         <file>rts2800_fpu32.lib</file>
         <name>pre_init.c.obj</name>
      </input_file>
      <input_file id="fl-26">
         <path>C:\ti\ccs920\ccs\tools\compiler\ti-cgt-c2000_18.12.3.LTS\lib\</path>
         <kind>archive</kind>
         <file>rts2800_fpu32.lib</file>
         <name>startup.c.obj</name>
      </input_file>
      <input_file id="fl-27">
         <path>C:\ti\ccs920\ccs\tools\compiler\ti-cgt-c2000_18.12.3.LTS\lib\</path>
         <kind>archive</kind>
         <file>rts2800_fpu32.lib</file>
         <name>exit.c.obj</name>
      </input_file>
      <input_file id="fl-28">
         <path>C:\ti\ccs920\ccs\tools\compiler\ti-cgt-c2000_18.12.3.LTS\lib\</path>
         <kind>archive</kind>
         <file>rts2800_fpu32.lib</file>
         <name>_lock.c.obj</name>
      </input_file>
      <input_file id="fl-29">
         <path>C:\ti\ccs920\ccs\tools\compiler\ti-cgt-c2000_18.12.3.LTS\lib\</path>
         <kind>archive</kind>
         <file>rts2800_fpu32.lib</file>
         <name>args_main.c.obj</name>
      </input_file>
      <input_file id="fl-2a">
         <path>C:\ti\ccs920\ccs\tools\compiler\ti-cgt-c2000_18.12.3.LTS\lib\</path>
         <kind>archive</kind>
         <file>rts2800_fpu32.lib</file>
         <name>errno.c.obj</name>
      </input_file>
   </input_file_list>
   <object_component_list>
      <object_component id="oc-57">
         <name>codestart</name>
         <load_address>0x0</load_address>
         <run_address>0x0</run_address>
         <size>0x2</size>
         <input_file_ref idref="fl-4"/>
      </object_component>
      <object_component id="oc-125">
         <name>.text</name>
         <load_address>0x9000</load_address>
         <run_address>0x9000</run_address>
         <size>0x8ec</size>
         <input_file_ref idref="fl-c"/>
      </object_component>
      <object_component id="oc-63">
         <name>.text:retain</name>
         <load_address>0x98ec</load_address>
         <run_address>0x98ec</run_address>
         <size>0x316</size>
         <input_file_ref idref="fl-6"/>
      </object_component>
      <object_component id="oc-b4">
         <name>.text:retain</name>
         <load_address>0x9c02</load_address>
         <run_address>0x9c02</run_address>
         <size>0x263</size>
         <input_file_ref idref="fl-c"/>
      </object_component>
      <object_component id="oc-129">
         <name>.text</name>
         <load_address>0x9e65</load_address>
         <run_address>0x9e65</run_address>
         <size>0xf8</size>
         <input_file_ref idref="fl-a"/>
      </object_component>
      <object_component id="oc-13d">
         <name>.text</name>
         <load_address>0x9f5d</load_address>
         <run_address>0x9f5d</run_address>
         <size>0xca</size>
         <input_file_ref idref="fl-1e"/>
      </object_component>
      <object_component id="oc-d4">
         <name>.text</name>
         <load_address>0xa027</load_address>
         <run_address>0xa027</run_address>
         <size>0x88</size>
         <input_file_ref idref="fl-22"/>
      </object_component>
      <object_component id="oc-13e">
         <name>.text</name>
         <load_address>0xa0af</load_address>
         <run_address>0xa0af</run_address>
         <size>0x63</size>
         <input_file_ref idref="fl-1f"/>
      </object_component>
      <object_component id="oc-144">
         <name>.text</name>
         <load_address>0xa112</load_address>
         <run_address>0xa112</run_address>
         <size>0x59</size>
         <input_file_ref idref="fl-20"/>
      </object_component>
      <object_component id="oc-4b">
         <name>.text</name>
         <load_address>0xa16b</load_address>
         <run_address>0xa16b</run_address>
         <size>0x56</size>
         <input_file_ref idref="fl-21"/>
      </object_component>
      <object_component id="oc-106">
         <name>.text</name>
         <load_address>0xa1c1</load_address>
         <run_address>0xa1c1</run_address>
         <size>0x29</size>
         <input_file_ref idref="fl-27"/>
      </object_component>
      <object_component id="oc-12a">
         <name>.text</name>
         <load_address>0xa1ea</load_address>
         <run_address>0xa1ea</run_address>
         <size>0x28</size>
         <input_file_ref idref="fl-8"/>
      </object_component>
      <object_component id="oc-13f">
         <name>.text</name>
         <load_address>0xa212</load_address>
         <run_address>0xa212</run_address>
         <size>0x27</size>
         <input_file_ref idref="fl-1d"/>
      </object_component>
      <object_component id="oc-103">
         <name>.text</name>
         <load_address>0xa239</load_address>
         <run_address>0xa239</run_address>
         <size>0x24</size>
         <input_file_ref idref="fl-23"/>
      </object_component>
      <object_component id="oc-12b">
         <name>.text</name>
         <load_address>0xa25d</load_address>
         <run_address>0xa25d</run_address>
         <size>0x20</size>
         <input_file_ref idref="fl-9"/>
      </object_component>
      <object_component id="oc-126">
         <name>.text</name>
         <load_address>0xa27d</load_address>
         <run_address>0xa27d</run_address>
         <size>0x1d</size>
         <input_file_ref idref="fl-24"/>
      </object_component>
      <object_component id="oc-105">
         <name>.text</name>
         <load_address>0xa29a</load_address>
         <run_address>0xa29a</run_address>
         <size>0x19</size>
         <input_file_ref idref="fl-29"/>
      </object_component>
      <object_component id="oc-12c">
         <name>.text</name>
         <load_address>0xa2b3</load_address>
         <run_address>0xa2b3</run_address>
         <size>0x14</size>
         <input_file_ref idref="fl-3"/>
      </object_component>
      <object_component id="oc-169">
         <name>.text</name>
         <load_address>0xa2c7</load_address>
         <run_address>0xa2c7</run_address>
         <size>0x9</size>
         <input_file_ref idref="fl-28"/>
      </object_component>
      <object_component id="oc-56">
         <name>.text</name>
         <load_address>0xa2d0</load_address>
         <run_address>0xa2d0</run_address>
         <size>0x8</size>
         <input_file_ref idref="fl-4"/>
      </object_component>
      <object_component id="oc-102">
         <name>.text</name>
         <load_address>0xa2d8</load_address>
         <run_address>0xa2d8</run_address>
         <size>0x2</size>
         <input_file_ref idref="fl-25"/>
      </object_component>
      <object_component id="oc-104">
         <name>.text</name>
         <load_address>0xa2da</load_address>
         <run_address>0xa2da</run_address>
         <size>0x1</size>
         <input_file_ref idref="fl-26"/>
      </object_component>
      <object_component id="oc-b1">
         <name>.cinit</name>
         <load_address>0x8000</load_address>
         <run_address>0x8000</run_address>
         <size>0x12c</size>
         <input_file_ref idref="fl-c"/>
      </object_component>
      <object_component id="oc-ee">
         <name>.cinit</name>
         <load_address>0x812c</load_address>
         <run_address>0x812c</run_address>
         <size>0xe</size>
         <input_file_ref idref="fl-27"/>
      </object_component>
      <object_component id="oc-11c">
         <name>.cinit:_Corrente_Af</name>
         <load_address>0x813a</load_address>
         <run_address>0x813a</run_address>
         <size>0x7</size>
         <input_file_ref idref="fl-c"/>
      </object_component>
      <object_component id="oc-11e">
         <name>.cinit:_Corrente_Bf</name>
         <load_address>0x8141</load_address>
         <run_address>0x8141</run_address>
         <size>0x7</size>
         <input_file_ref idref="fl-c"/>
      </object_component>
      <object_component id="oc-120">
         <name>.cinit:_Corrente_Cf</name>
         <load_address>0x8148</load_address>
         <run_address>0x8148</run_address>
         <size>0x7</size>
         <input_file_ref idref="fl-c"/>
      </object_component>
      <object_component id="oc-15a">
         <name>.cinit:_Erro_P</name>
         <load_address>0x814f</load_address>
         <run_address>0x814f</run_address>
         <size>0x7</size>
         <input_file_ref idref="fl-c"/>
      </object_component>
      <object_component id="oc-15c">
         <name>.cinit:_Erro_Q</name>
         <load_address>0x8156</load_address>
         <run_address>0x8156</run_address>
         <size>0x7</size>
         <input_file_ref idref="fl-c"/>
      </object_component>
      <object_component id="oc-162">
         <name>.cinit:_Erro_id</name>
         <load_address>0x815d</load_address>
         <run_address>0x815d</run_address>
         <size>0x7</size>
         <input_file_ref idref="fl-c"/>
      </object_component>
      <object_component id="oc-166">
         <name>.cinit:_Erro_iq</name>
         <load_address>0x8164</load_address>
         <run_address>0x8164</run_address>
         <size>0x7</size>
         <input_file_ref idref="fl-c"/>
      </object_component>
      <object_component id="oc-146">
         <name>.cinit:_Id_med</name>
         <load_address>0x816b</load_address>
         <run_address>0x816b</run_address>
         <size>0x7</size>
         <input_file_ref idref="fl-c"/>
      </object_component>
      <object_component id="oc-14e">
         <name>.cinit:_Id_medf</name>
         <load_address>0x8172</load_address>
         <run_address>0x8172</run_address>
         <size>0x7</size>
         <input_file_ref idref="fl-c"/>
      </object_component>
      <object_component id="oc-15e">
         <name>.cinit:_Id_ref</name>
         <load_address>0x8179</load_address>
         <run_address>0x8179</run_address>
         <size>0x7</size>
         <input_file_ref idref="fl-c"/>
      </object_component>
      <object_component id="oc-148">
         <name>.cinit:_Iq_med</name>
         <load_address>0x8180</load_address>
         <run_address>0x8180</run_address>
         <size>0x7</size>
         <input_file_ref idref="fl-c"/>
      </object_component>
      <object_component id="oc-150">
         <name>.cinit:_Iq_medf</name>
         <load_address>0x8187</load_address>
         <run_address>0x8187</run_address>
         <size>0x7</size>
         <input_file_ref idref="fl-c"/>
      </object_component>
      <object_component id="oc-160">
         <name>.cinit:_Iq_ref</name>
         <load_address>0x818e</load_address>
         <run_address>0x818e</run_address>
         <size>0x7</size>
         <input_file_ref idref="fl-c"/>
      </object_component>
      <object_component id="oc-152">
         <name>.cinit:_P_med</name>
         <load_address>0x8195</load_address>
         <run_address>0x8195</run_address>
         <size>0x7</size>
         <input_file_ref idref="fl-c"/>
      </object_component>
      <object_component id="oc-156">
         <name>.cinit:_P_medf</name>
         <load_address>0x819c</load_address>
         <run_address>0x819c</run_address>
         <size>0x7</size>
         <input_file_ref idref="fl-c"/>
      </object_component>
      <object_component id="oc-164">
         <name>.cinit:_Pi_id</name>
         <load_address>0x81a3</load_address>
         <run_address>0x81a3</run_address>
         <size>0x7</size>
         <input_file_ref idref="fl-c"/>
      </object_component>
      <object_component id="oc-168">
         <name>.cinit:_Pi_iq</name>
         <load_address>0x81aa</load_address>
         <run_address>0x81aa</run_address>
         <size>0x7</size>
         <input_file_ref idref="fl-c"/>
      </object_component>
      <object_component id="oc-154">
         <name>.cinit:_Q_med</name>
         <load_address>0x81b1</load_address>
         <run_address>0x81b1</run_address>
         <size>0x7</size>
         <input_file_ref idref="fl-c"/>
      </object_component>
      <object_component id="oc-158">
         <name>.cinit:_Q_medf</name>
         <load_address>0x81b8</load_address>
         <run_address>0x81b8</run_address>
         <size>0x7</size>
         <input_file_ref idref="fl-c"/>
      </object_component>
      <object_component id="oc-116">
         <name>.cinit:_Tensao_Af</name>
         <load_address>0x81bf</load_address>
         <run_address>0x81bf</run_address>
         <size>0x7</size>
         <input_file_ref idref="fl-c"/>
      </object_component>
      <object_component id="oc-118">
         <name>.cinit:_Tensao_Bf</name>
         <load_address>0x81c6</load_address>
         <run_address>0x81c6</run_address>
         <size>0x7</size>
         <input_file_ref idref="fl-c"/>
      </object_component>
      <object_component id="oc-11a">
         <name>.cinit:_Tensao_Cf</name>
         <load_address>0x81cd</load_address>
         <run_address>0x81cd</run_address>
         <size>0x7</size>
         <input_file_ref idref="fl-c"/>
      </object_component>
      <object_component id="oc-122">
         <name>.cinit:_V_CAP</name>
         <load_address>0x81d4</load_address>
         <run_address>0x81d4</run_address>
         <size>0x7</size>
         <input_file_ref idref="fl-c"/>
      </object_component>
      <object_component id="oc-124">
         <name>.cinit:_V_CAPF</name>
         <load_address>0x81db</load_address>
         <run_address>0x81db</run_address>
         <size>0x7</size>
         <input_file_ref idref="fl-c"/>
      </object_component>
      <object_component id="oc-141">
         <name>.cinit:_Vd_med</name>
         <load_address>0x81e2</load_address>
         <run_address>0x81e2</run_address>
         <size>0x7</size>
         <input_file_ref idref="fl-c"/>
      </object_component>
      <object_component id="oc-14a">
         <name>.cinit:_Vd_medf</name>
         <load_address>0x81e9</load_address>
         <run_address>0x81e9</run_address>
         <size>0x7</size>
         <input_file_ref idref="fl-c"/>
      </object_component>
      <object_component id="oc-143">
         <name>.cinit:_Vq_med</name>
         <load_address>0x81f0</load_address>
         <run_address>0x81f0</run_address>
         <size>0x7</size>
         <input_file_ref idref="fl-c"/>
      </object_component>
      <object_component id="oc-14c">
         <name>.cinit:_Vq_medf</name>
         <load_address>0x81f7</load_address>
         <run_address>0x81f7</run_address>
         <size>0x7</size>
         <input_file_ref idref="fl-c"/>
      </object_component>
      <object_component id="oc-108">
         <name>.cinit:_Corrente_A</name>
         <load_address>0x81fe</load_address>
         <run_address>0x81fe</run_address>
         <size>0x5</size>
         <input_file_ref idref="fl-c"/>
      </object_component>
      <object_component id="oc-10a">
         <name>.cinit:_Corrente_B</name>
         <load_address>0x8203</load_address>
         <run_address>0x8203</run_address>
         <size>0x5</size>
         <input_file_ref idref="fl-c"/>
      </object_component>
      <object_component id="oc-10c">
         <name>.cinit:_Corrente_C</name>
         <load_address>0x8208</load_address>
         <run_address>0x8208</run_address>
         <size>0x5</size>
         <input_file_ref idref="fl-c"/>
      </object_component>
      <object_component id="oc-13c">
         <name>.cinit:_FLL_Freq</name>
         <load_address>0x820d</load_address>
         <run_address>0x820d</run_address>
         <size>0x5</size>
         <input_file_ref idref="fl-c"/>
      </object_component>
      <object_component id="oc-13a">
         <name>.cinit:_FLL_int</name>
         <load_address>0x8212</load_address>
         <run_address>0x8212</run_address>
         <size>0x5</size>
         <input_file_ref idref="fl-c"/>
      </object_component>
      <object_component id="oc-10e">
         <name>.cinit:_Tensao_A</name>
         <load_address>0x8217</load_address>
         <run_address>0x8217</run_address>
         <size>0x5</size>
         <input_file_ref idref="fl-c"/>
      </object_component>
      <object_component id="oc-110">
         <name>.cinit:_Tensao_B</name>
         <load_address>0x821c</load_address>
         <run_address>0x821c</run_address>
         <size>0x5</size>
         <input_file_ref idref="fl-c"/>
      </object_component>
      <object_component id="oc-112">
         <name>.cinit:_Tensao_C</name>
         <load_address>0x8221</load_address>
         <run_address>0x8221</run_address>
         <size>0x5</size>
         <input_file_ref idref="fl-c"/>
      </object_component>
      <object_component id="oc-130">
         <name>.cinit:_V_alfa_int</name>
         <load_address>0x8226</load_address>
         <run_address>0x8226</run_address>
         <size>0x5</size>
         <input_file_ref idref="fl-c"/>
      </object_component>
      <object_component id="oc-12e">
         <name>.cinit:_V_alfa_inter</name>
         <load_address>0x822b</load_address>
         <run_address>0x822b</run_address>
         <size>0x5</size>
         <input_file_ref idref="fl-c"/>
      </object_component>
      <object_component id="oc-132">
         <name>.cinit:_V_alfa_out</name>
         <load_address>0x8230</load_address>
         <run_address>0x8230</run_address>
         <size>0x5</size>
         <input_file_ref idref="fl-c"/>
      </object_component>
      <object_component id="oc-136">
         <name>.cinit:_V_beta_int</name>
         <load_address>0x8235</load_address>
         <run_address>0x8235</run_address>
         <size>0x5</size>
         <input_file_ref idref="fl-c"/>
      </object_component>
      <object_component id="oc-134">
         <name>.cinit:_V_beta_inter</name>
         <load_address>0x823a</load_address>
         <run_address>0x823a</run_address>
         <size>0x5</size>
         <input_file_ref idref="fl-c"/>
      </object_component>
      <object_component id="oc-138">
         <name>.cinit:_V_beta_out</name>
         <load_address>0x823f</load_address>
         <run_address>0x823f</run_address>
         <size>0x5</size>
         <input_file_ref idref="fl-c"/>
      </object_component>
      <object_component id="oc-114">
         <name>.cinit:_Vcc</name>
         <load_address>0x8244</load_address>
         <run_address>0x8244</run_address>
         <size>0x5</size>
         <input_file_ref idref="fl-c"/>
      </object_component>
      <object_component id="oc-128">
         <name>.cinit:__lock</name>
         <load_address>0x8249</load_address>
         <run_address>0x8249</run_address>
         <size>0x5</size>
         <input_file_ref idref="fl-28"/>
      </object_component>
      <object_component id="oc-16a">
         <name>.cinit:__unlock</name>
         <load_address>0x824e</load_address>
         <run_address>0x824e</run_address>
         <size>0x5</size>
         <input_file_ref idref="fl-28"/>
      </object_component>
      <object_component id="oc-ff">
         <name>.cinit</name>
         <load_address>0x8253</load_address>
         <run_address>0x8253</run_address>
         <size>0x4</size>
         <input_file_ref idref="fl-2a"/>
      </object_component>
      <object_component id="oc-ce">
         <name>.stack</name>
         <uninitialized>true</uninitialized>
         <run_address>0x400</run_address>
         <size>0x0</size>
         <input_file_ref idref="fl-21"/>
      </object_component>
      <object_component id="oc-1c6">
         <name>.stack</name>
         <uninitialized>true</uninitialized>
         <run_address>0x400</run_address>
         <size>0x0</size>
      </object_component>
      <object_component id="oc-5d">
         <name>.ebss</name>
         <uninitialized>true</uninitialized>
         <run_address>0xc160</run_address>
         <size>0x18</size>
         <input_file_ref idref="fl-5"/>
      </object_component>
      <object_component id="oc-b2">
         <name>.ebss</name>
         <uninitialized>true</uninitialized>
         <run_address>0xc000</run_address>
         <size>0x72</size>
         <input_file_ref idref="fl-c"/>
      </object_component>
      <object_component id="oc-115">
         <name>.ebss:_Tensao_Af</name>
         <uninitialized>true</uninitialized>
         <run_address>0xc1c4</run_address>
         <size>0x4</size>
         <input_file_ref idref="fl-c"/>
      </object_component>
      <object_component id="oc-117">
         <name>.ebss:_Tensao_Bf</name>
         <uninitialized>true</uninitialized>
         <run_address>0xc1c8</run_address>
         <size>0x4</size>
         <input_file_ref idref="fl-c"/>
      </object_component>
      <object_component id="oc-119">
         <name>.ebss:_Tensao_Cf</name>
         <uninitialized>true</uninitialized>
         <run_address>0xc1cc</run_address>
         <size>0x4</size>
         <input_file_ref idref="fl-c"/>
      </object_component>
      <object_component id="oc-11b">
         <name>.ebss:_Corrente_Af</name>
         <uninitialized>true</uninitialized>
         <run_address>0xc078</run_address>
         <size>0x4</size>
         <input_file_ref idref="fl-c"/>
      </object_component>
      <object_component id="oc-11d">
         <name>.ebss:_Corrente_Bf</name>
         <uninitialized>true</uninitialized>
         <run_address>0xc07c</run_address>
         <size>0x4</size>
         <input_file_ref idref="fl-c"/>
      </object_component>
      <object_component id="oc-11f">
         <name>.ebss:_Corrente_Cf</name>
         <uninitialized>true</uninitialized>
         <run_address>0xc178</run_address>
         <size>0x4</size>
         <input_file_ref idref="fl-c"/>
      </object_component>
      <object_component id="oc-12d">
         <name>.ebss:_V_alfa_inter</name>
         <uninitialized>true</uninitialized>
         <run_address>0xc1dc</run_address>
         <size>0x4</size>
         <input_file_ref idref="fl-c"/>
      </object_component>
      <object_component id="oc-131">
         <name>.ebss:_V_alfa_out</name>
         <uninitialized>true</uninitialized>
         <run_address>0xc1e0</run_address>
         <size>0x4</size>
         <input_file_ref idref="fl-c"/>
      </object_component>
      <object_component id="oc-12f">
         <name>.ebss:_V_alfa_int</name>
         <uninitialized>true</uninitialized>
         <run_address>0xc1d8</run_address>
         <size>0x4</size>
         <input_file_ref idref="fl-c"/>
      </object_component>
      <object_component id="oc-133">
         <name>.ebss:_V_beta_inter</name>
         <uninitialized>true</uninitialized>
         <run_address>0xc1e8</run_address>
         <size>0x4</size>
         <input_file_ref idref="fl-c"/>
      </object_component>
      <object_component id="oc-137">
         <name>.ebss:_V_beta_out</name>
         <uninitialized>true</uninitialized>
         <run_address>0xc1ec</run_address>
         <size>0x4</size>
         <input_file_ref idref="fl-c"/>
      </object_component>
      <object_component id="oc-135">
         <name>.ebss:_V_beta_int</name>
         <uninitialized>true</uninitialized>
         <run_address>0xc1e4</run_address>
         <size>0x4</size>
         <input_file_ref idref="fl-c"/>
      </object_component>
      <object_component id="oc-139">
         <name>.ebss:_FLL_int</name>
         <uninitialized>true</uninitialized>
         <run_address>0xc190</run_address>
         <size>0x4</size>
         <input_file_ref idref="fl-c"/>
      </object_component>
      <object_component id="oc-13b">
         <name>.ebss:_FLL_Freq</name>
         <uninitialized>true</uninitialized>
         <run_address>0xc18c</run_address>
         <size>0x4</size>
         <input_file_ref idref="fl-c"/>
      </object_component>
      <object_component id="oc-140">
         <name>.ebss:_Vd_med</name>
         <uninitialized>true</uninitialized>
         <run_address>0xc1f0</run_address>
         <size>0x4</size>
         <input_file_ref idref="fl-c"/>
      </object_component>
      <object_component id="oc-142">
         <name>.ebss:_Vq_med</name>
         <uninitialized>true</uninitialized>
         <run_address>0xc1f8</run_address>
         <size>0x4</size>
         <input_file_ref idref="fl-c"/>
      </object_component>
      <object_component id="oc-149">
         <name>.ebss:_Vd_medf</name>
         <uninitialized>true</uninitialized>
         <run_address>0xc1f4</run_address>
         <size>0x4</size>
         <input_file_ref idref="fl-c"/>
      </object_component>
      <object_component id="oc-14b">
         <name>.ebss:_Vq_medf</name>
         <uninitialized>true</uninitialized>
         <run_address>0xc1fc</run_address>
         <size>0x4</size>
         <input_file_ref idref="fl-c"/>
      </object_component>
      <object_component id="oc-145">
         <name>.ebss:_Id_med</name>
         <uninitialized>true</uninitialized>
         <run_address>0xc194</run_address>
         <size>0x4</size>
         <input_file_ref idref="fl-c"/>
      </object_component>
      <object_component id="oc-147">
         <name>.ebss:_Iq_med</name>
         <uninitialized>true</uninitialized>
         <run_address>0xc1a0</run_address>
         <size>0x4</size>
         <input_file_ref idref="fl-c"/>
      </object_component>
      <object_component id="oc-14d">
         <name>.ebss:_Id_medf</name>
         <uninitialized>true</uninitialized>
         <run_address>0xc198</run_address>
         <size>0x4</size>
         <input_file_ref idref="fl-c"/>
      </object_component>
      <object_component id="oc-14f">
         <name>.ebss:_Iq_medf</name>
         <uninitialized>true</uninitialized>
         <run_address>0xc1a4</run_address>
         <size>0x4</size>
         <input_file_ref idref="fl-c"/>
      </object_component>
      <object_component id="oc-121">
         <name>.ebss:_V_CAP</name>
         <uninitialized>true</uninitialized>
         <run_address>0xc1d0</run_address>
         <size>0x4</size>
         <input_file_ref idref="fl-c"/>
      </object_component>
      <object_component id="oc-123">
         <name>.ebss:_V_CAPF</name>
         <uninitialized>true</uninitialized>
         <run_address>0xc1d4</run_address>
         <size>0x4</size>
         <input_file_ref idref="fl-c"/>
      </object_component>
      <object_component id="oc-151">
         <name>.ebss:_P_med</name>
         <uninitialized>true</uninitialized>
         <run_address>0xc1ac</run_address>
         <size>0x4</size>
         <input_file_ref idref="fl-c"/>
      </object_component>
      <object_component id="oc-153">
         <name>.ebss:_Q_med</name>
         <uninitialized>true</uninitialized>
         <run_address>0xc1bc</run_address>
         <size>0x4</size>
         <input_file_ref idref="fl-c"/>
      </object_component>
      <object_component id="oc-155">
         <name>.ebss:_P_medf</name>
         <uninitialized>true</uninitialized>
         <run_address>0xc1b0</run_address>
         <size>0x4</size>
         <input_file_ref idref="fl-c"/>
      </object_component>
      <object_component id="oc-157">
         <name>.ebss:_Q_medf</name>
         <uninitialized>true</uninitialized>
         <run_address>0xc1c0</run_address>
         <size>0x4</size>
         <input_file_ref idref="fl-c"/>
      </object_component>
      <object_component id="oc-159">
         <name>.ebss:_Erro_P</name>
         <uninitialized>true</uninitialized>
         <run_address>0xc17c</run_address>
         <size>0x4</size>
         <input_file_ref idref="fl-c"/>
      </object_component>
      <object_component id="oc-15b">
         <name>.ebss:_Erro_Q</name>
         <uninitialized>true</uninitialized>
         <run_address>0xc180</run_address>
         <size>0x4</size>
         <input_file_ref idref="fl-c"/>
      </object_component>
      <object_component id="oc-15d">
         <name>.ebss:_Id_ref</name>
         <uninitialized>true</uninitialized>
         <run_address>0xc19c</run_address>
         <size>0x4</size>
         <input_file_ref idref="fl-c"/>
      </object_component>
      <object_component id="oc-15f">
         <name>.ebss:_Iq_ref</name>
         <uninitialized>true</uninitialized>
         <run_address>0xc1a8</run_address>
         <size>0x4</size>
         <input_file_ref idref="fl-c"/>
      </object_component>
      <object_component id="oc-161">
         <name>.ebss:_Erro_id</name>
         <uninitialized>true</uninitialized>
         <run_address>0xc184</run_address>
         <size>0x4</size>
         <input_file_ref idref="fl-c"/>
      </object_component>
      <object_component id="oc-165">
         <name>.ebss:_Erro_iq</name>
         <uninitialized>true</uninitialized>
         <run_address>0xc188</run_address>
         <size>0x4</size>
         <input_file_ref idref="fl-c"/>
      </object_component>
      <object_component id="oc-163">
         <name>.ebss:_Pi_id</name>
         <uninitialized>true</uninitialized>
         <run_address>0xc1b4</run_address>
         <size>0x4</size>
         <input_file_ref idref="fl-c"/>
      </object_component>
      <object_component id="oc-167">
         <name>.ebss:_Pi_iq</name>
         <uninitialized>true</uninitialized>
         <run_address>0xc1b8</run_address>
         <size>0x4</size>
         <input_file_ref idref="fl-c"/>
      </object_component>
      <object_component id="oc-107">
         <name>.ebss:_Corrente_A</name>
         <uninitialized>true</uninitialized>
         <run_address>0xc080</run_address>
         <size>0x20</size>
         <input_file_ref idref="fl-c"/>
      </object_component>
      <object_component id="oc-109">
         <name>.ebss:_Corrente_B</name>
         <uninitialized>true</uninitialized>
         <run_address>0xc0a0</run_address>
         <size>0x20</size>
         <input_file_ref idref="fl-c"/>
      </object_component>
      <object_component id="oc-10b">
         <name>.ebss:_Corrente_C</name>
         <uninitialized>true</uninitialized>
         <run_address>0xc0c0</run_address>
         <size>0x20</size>
         <input_file_ref idref="fl-c"/>
      </object_component>
      <object_component id="oc-10d">
         <name>.ebss:_Tensao_A</name>
         <uninitialized>true</uninitialized>
         <run_address>0xc0e0</run_address>
         <size>0x20</size>
         <input_file_ref idref="fl-c"/>
      </object_component>
      <object_component id="oc-10f">
         <name>.ebss:_Tensao_B</name>
         <uninitialized>true</uninitialized>
         <run_address>0xc100</run_address>
         <size>0x20</size>
         <input_file_ref idref="fl-c"/>
      </object_component>
      <object_component id="oc-111">
         <name>.ebss:_Tensao_C</name>
         <uninitialized>true</uninitialized>
         <run_address>0xc120</run_address>
         <size>0x20</size>
         <input_file_ref idref="fl-c"/>
      </object_component>
      <object_component id="oc-113">
         <name>.ebss:_Vcc</name>
         <uninitialized>true</uninitialized>
         <run_address>0xc140</run_address>
         <size>0x20</size>
         <input_file_ref idref="fl-c"/>
      </object_component>
      <object_component id="oc-ef">
         <name>.ebss</name>
         <uninitialized>true</uninitialized>
         <run_address>0xc072</run_address>
         <size>0x6</size>
         <input_file_ref idref="fl-27"/>
      </object_component>
      <object_component id="oc-127">
         <name>.ebss:__lock</name>
         <uninitialized>true</uninitialized>
         <run_address>0xc200</run_address>
         <size>0x2</size>
         <input_file_ref idref="fl-28"/>
      </object_component>
      <object_component id="oc-16f">
         <name>.ebss:__unlock</name>
         <uninitialized>true</uninitialized>
         <run_address>0xc202</run_address>
         <size>0x2</size>
         <input_file_ref idref="fl-28"/>
      </object_component>
      <object_component id="oc-100">
         <name>.ebss</name>
         <uninitialized>true</uninitialized>
         <run_address>0xc204</run_address>
         <size>0x1</size>
         <input_file_ref idref="fl-2a"/>
      </object_component>
      <object_component id="oc-16b">
         <name>.econst:_PieVectTableInit</name>
         <load_address>0xd000</load_address>
         <run_address>0xd000</run_address>
         <size>0x100</size>
         <input_file_ref idref="fl-9"/>
      </object_component>
      <object_component id="oc-16e">
         <name>.econst:_aT</name>
         <load_address>0xd100</load_address>
         <run_address>0xd100</run_address>
         <size>0xa</size>
         <input_file_ref idref="fl-1e"/>
      </object_component>
      <object_component id="oc-16c">
         <name>.econst:_atanhi</name>
         <load_address>0xd10a</load_address>
         <run_address>0xd10a</run_address>
         <size>0x8</size>
         <input_file_ref idref="fl-1e"/>
      </object_component>
      <object_component id="oc-16d">
         <name>.econst:_atanlo</name>
         <load_address>0xd112</load_address>
         <run_address>0xd112</run_address>
         <size>0x8</size>
         <input_file_ref idref="fl-1e"/>
      </object_component>
      <object_component id="oc-b3">
         <name>.econst</name>
         <load_address>0xd11a</load_address>
         <run_address>0xd11a</run_address>
         <size>0x4</size>
         <input_file_ref idref="fl-c"/>
      </object_component>
      <object_component id="oc-bf">
         <name>.econst</name>
         <load_address>0xd11e</load_address>
         <run_address>0xd11e</run_address>
         <size>0x4</size>
         <input_file_ref idref="fl-1e"/>
      </object_component>
      <object_component id="oc-cf">
         <name>.reset</name>
         <load_address>0x3fffc0</load_address>
         <run_address>0x3fffc0</run_address>
         <size>0x2</size>
         <input_file_ref idref="fl-21"/>
      </object_component>
      <object_component id="oc-4c">
         <name>.adc_cal</name>
         <load_address>0x380080</load_address>
         <run_address>0x380080</run_address>
         <size>0x7</size>
         <input_file_ref idref="fl-2"/>
      </object_component>
      <object_component id="oc-9a">
         <name>PieVectTableFile</name>
         <uninitialized>true</uninitialized>
         <run_address>0xd00</run_address>
         <size>0x100</size>
         <input_file_ref idref="fl-7"/>
      </object_component>
      <object_component id="oc-96">
         <name>DevEmuRegsFile</name>
         <uninitialized>true</uninitialized>
         <run_address>0x880</run_address>
         <size>0xd0</size>
         <input_file_ref idref="fl-7"/>
      </object_component>
      <object_component id="oc-6e">
         <name>FlashRegsFile</name>
         <uninitialized>true</uninitialized>
         <run_address>0xa80</run_address>
         <size>0x8</size>
         <input_file_ref idref="fl-7"/>
      </object_component>
      <object_component id="oc-71">
         <name>CsmRegsFile</name>
         <uninitialized>true</uninitialized>
         <run_address>0xae0</run_address>
         <size>0x10</size>
         <input_file_ref idref="fl-7"/>
      </object_component>
      <object_component id="oc-70">
         <name>AdcMirrorFile</name>
         <uninitialized>true</uninitialized>
         <run_address>0xb00</run_address>
         <size>0x10</size>
         <input_file_ref idref="fl-7"/>
      </object_component>
      <object_component id="oc-79">
         <name>XintfRegsFile</name>
         <uninitialized>true</uninitialized>
         <run_address>0xb20</run_address>
         <size>0x1e</size>
         <input_file_ref idref="fl-7"/>
      </object_component>
      <object_component id="oc-6a">
         <name>CpuTimer0RegsFile</name>
         <uninitialized>true</uninitialized>
         <run_address>0xc00</run_address>
         <size>0x8</size>
         <input_file_ref idref="fl-7"/>
      </object_component>
      <object_component id="oc-6b">
         <name>CpuTimer1RegsFile</name>
         <uninitialized>true</uninitialized>
         <run_address>0xc08</run_address>
         <size>0x8</size>
         <input_file_ref idref="fl-7"/>
      </object_component>
      <object_component id="oc-6c">
         <name>CpuTimer2RegsFile</name>
         <uninitialized>true</uninitialized>
         <run_address>0xc10</run_address>
         <size>0x8</size>
         <input_file_ref idref="fl-7"/>
      </object_component>
      <object_component id="oc-77">
         <name>PieCtrlRegsFile</name>
         <uninitialized>true</uninitialized>
         <run_address>0xce0</run_address>
         <size>0x1a</size>
         <input_file_ref idref="fl-7"/>
      </object_component>
      <object_component id="oc-97">
         <name>DmaRegsFile</name>
         <uninitialized>true</uninitialized>
         <run_address>0x1000</run_address>
         <size>0xe0</size>
         <input_file_ref idref="fl-7"/>
      </object_component>
      <object_component id="oc-89">
         <name>McbspaRegsFile</name>
         <uninitialized>true</uninitialized>
         <run_address>0x5000</run_address>
         <size>0x25</size>
         <input_file_ref idref="fl-7"/>
      </object_component>
      <object_component id="oc-8a">
         <name>McbspbRegsFile</name>
         <uninitialized>true</uninitialized>
         <run_address>0x5040</run_address>
         <size>0x25</size>
         <input_file_ref idref="fl-7"/>
      </object_component>
      <object_component id="oc-8c">
         <name>ECanaRegsFile</name>
         <uninitialized>true</uninitialized>
         <run_address>0x6000</run_address>
         <size>0x34</size>
         <input_file_ref idref="fl-7"/>
      </object_component>
      <object_component id="oc-8e">
         <name>ECanaLAMRegsFile</name>
         <uninitialized>true</uninitialized>
         <run_address>0x6040</run_address>
         <size>0x40</size>
         <input_file_ref idref="fl-7"/>
      </object_component>
      <object_component id="oc-98">
         <name>ECanaMboxesFile</name>
         <uninitialized>true</uninitialized>
         <run_address>0x6100</run_address>
         <size>0x100</size>
         <input_file_ref idref="fl-7"/>
      </object_component>
      <object_component id="oc-8f">
         <name>ECanaMOTSRegsFile</name>
         <uninitialized>true</uninitialized>
         <run_address>0x6080</run_address>
         <size>0x40</size>
         <input_file_ref idref="fl-7"/>
      </object_component>
      <object_component id="oc-90">
         <name>ECanaMOTORegsFile</name>
         <uninitialized>true</uninitialized>
         <run_address>0x60c0</run_address>
         <size>0x40</size>
         <input_file_ref idref="fl-7"/>
      </object_component>
      <object_component id="oc-8d">
         <name>ECanbRegsFile</name>
         <uninitialized>true</uninitialized>
         <run_address>0x6200</run_address>
         <size>0x34</size>
         <input_file_ref idref="fl-7"/>
      </object_component>
      <object_component id="oc-91">
         <name>ECanbLAMRegsFile</name>
         <uninitialized>true</uninitialized>
         <run_address>0x6240</run_address>
         <size>0x40</size>
         <input_file_ref idref="fl-7"/>
      </object_component>
      <object_component id="oc-99">
         <name>ECanbMboxesFile</name>
         <uninitialized>true</uninitialized>
         <run_address>0x6300</run_address>
         <size>0x100</size>
         <input_file_ref idref="fl-7"/>
      </object_component>
      <object_component id="oc-92">
         <name>ECanbMOTSRegsFile</name>
         <uninitialized>true</uninitialized>
         <run_address>0x6280</run_address>
         <size>0x40</size>
         <input_file_ref idref="fl-7"/>
      </object_component>
      <object_component id="oc-93">
         <name>ECanbMOTORegsFile</name>
         <uninitialized>true</uninitialized>
         <run_address>0x62c0</run_address>
         <size>0x40</size>
         <input_file_ref idref="fl-7"/>
      </object_component>
      <object_component id="oc-82">
         <name>EPwm1RegsFile</name>
         <uninitialized>true</uninitialized>
         <run_address>0x6800</run_address>
         <size>0x22</size>
         <input_file_ref idref="fl-7"/>
      </object_component>
      <object_component id="oc-83">
         <name>EPwm2RegsFile</name>
         <uninitialized>true</uninitialized>
         <run_address>0x6840</run_address>
         <size>0x22</size>
         <input_file_ref idref="fl-7"/>
      </object_component>
      <object_component id="oc-84">
         <name>EPwm3RegsFile</name>
         <uninitialized>true</uninitialized>
         <run_address>0x6880</run_address>
         <size>0x22</size>
         <input_file_ref idref="fl-7"/>
      </object_component>
      <object_component id="oc-85">
         <name>EPwm4RegsFile</name>
         <uninitialized>true</uninitialized>
         <run_address>0x68c0</run_address>
         <size>0x22</size>
         <input_file_ref idref="fl-7"/>
      </object_component>
      <object_component id="oc-86">
         <name>EPwm5RegsFile</name>
         <uninitialized>true</uninitialized>
         <run_address>0x6900</run_address>
         <size>0x22</size>
         <input_file_ref idref="fl-7"/>
      </object_component>
      <object_component id="oc-87">
         <name>EPwm6RegsFile</name>
         <uninitialized>true</uninitialized>
         <run_address>0x6940</run_address>
         <size>0x22</size>
         <input_file_ref idref="fl-7"/>
      </object_component>
      <object_component id="oc-7a">
         <name>ECap1RegsFile</name>
         <uninitialized>true</uninitialized>
         <run_address>0x6a00</run_address>
         <size>0x20</size>
         <input_file_ref idref="fl-7"/>
      </object_component>
      <object_component id="oc-7b">
         <name>ECap2RegsFile</name>
         <uninitialized>true</uninitialized>
         <run_address>0x6a20</run_address>
         <size>0x20</size>
         <input_file_ref idref="fl-7"/>
      </object_component>
      <object_component id="oc-7c">
         <name>ECap3RegsFile</name>
         <uninitialized>true</uninitialized>
         <run_address>0x6a40</run_address>
         <size>0x20</size>
         <input_file_ref idref="fl-7"/>
      </object_component>
      <object_component id="oc-7d">
         <name>ECap4RegsFile</name>
         <uninitialized>true</uninitialized>
         <run_address>0x6a60</run_address>
         <size>0x20</size>
         <input_file_ref idref="fl-7"/>
      </object_component>
      <object_component id="oc-7e">
         <name>ECap5RegsFile</name>
         <uninitialized>true</uninitialized>
         <run_address>0x6a80</run_address>
         <size>0x20</size>
         <input_file_ref idref="fl-7"/>
      </object_component>
      <object_component id="oc-7f">
         <name>ECap6RegsFile</name>
         <uninitialized>true</uninitialized>
         <run_address>0x6aa0</run_address>
         <size>0x20</size>
         <input_file_ref idref="fl-7"/>
      </object_component>
      <object_component id="oc-94">
         <name>EQep1RegsFile</name>
         <uninitialized>true</uninitialized>
         <run_address>0x6b00</run_address>
         <size>0x40</size>
         <input_file_ref idref="fl-7"/>
      </object_component>
      <object_component id="oc-95">
         <name>EQep2RegsFile</name>
         <uninitialized>true</uninitialized>
         <run_address>0x6b40</run_address>
         <size>0x40</size>
         <input_file_ref idref="fl-7"/>
      </object_component>
      <object_component id="oc-8b">
         <name>GpioCtrlRegsFile</name>
         <uninitialized>true</uninitialized>
         <run_address>0x6f80</run_address>
         <size>0x2e</size>
         <input_file_ref idref="fl-7"/>
      </object_component>
      <object_component id="oc-80">
         <name>GpioDataRegsFile</name>
         <uninitialized>true</uninitialized>
         <run_address>0x6fc0</run_address>
         <size>0x20</size>
         <input_file_ref idref="fl-7"/>
      </object_component>
      <object_component id="oc-6f">
         <name>GpioIntRegsFile</name>
         <uninitialized>true</uninitialized>
         <run_address>0x6fe0</run_address>
         <size>0xa</size>
         <input_file_ref idref="fl-7"/>
      </object_component>
      <object_component id="oc-81">
         <name>SysCtrlRegsFile</name>
         <uninitialized>true</uninitialized>
         <run_address>0x7010</run_address>
         <size>0x20</size>
         <input_file_ref idref="fl-7"/>
      </object_component>
      <object_component id="oc-75">
         <name>SpiaRegsFile</name>
         <uninitialized>true</uninitialized>
         <run_address>0x7040</run_address>
         <size>0x10</size>
         <input_file_ref idref="fl-7"/>
      </object_component>
      <object_component id="oc-72">
         <name>SciaRegsFile</name>
         <uninitialized>true</uninitialized>
         <run_address>0x7050</run_address>
         <size>0x10</size>
         <input_file_ref idref="fl-7"/>
      </object_component>
      <object_component id="oc-76">
         <name>XIntruptRegsFile</name>
         <uninitialized>true</uninitialized>
         <run_address>0x7070</run_address>
         <size>0x10</size>
         <input_file_ref idref="fl-7"/>
      </object_component>
      <object_component id="oc-78">
         <name>AdcRegsFile</name>
         <uninitialized>true</uninitialized>
         <run_address>0x7100</run_address>
         <size>0x1e</size>
         <input_file_ref idref="fl-7"/>
      </object_component>
      <object_component id="oc-73">
         <name>ScibRegsFile</name>
         <uninitialized>true</uninitialized>
         <run_address>0x7750</run_address>
         <size>0x10</size>
         <input_file_ref idref="fl-7"/>
      </object_component>
      <object_component id="oc-74">
         <name>ScicRegsFile</name>
         <uninitialized>true</uninitialized>
         <run_address>0x7770</run_address>
         <size>0x10</size>
         <input_file_ref idref="fl-7"/>
      </object_component>
      <object_component id="oc-88">
         <name>I2caRegsFile</name>
         <uninitialized>true</uninitialized>
         <run_address>0x7900</run_address>
         <size>0x22</size>
         <input_file_ref idref="fl-7"/>
      </object_component>
      <object_component id="oc-6d">
         <name>CsmPwlFile</name>
         <uninitialized>true</uninitialized>
         <run_address>0x33fff8</run_address>
         <size>0x8</size>
         <input_file_ref idref="fl-7"/>
      </object_component>
      <object_component id="oc-69">
         <name>PartIdRegsFile</name>
         <uninitialized>true</uninitialized>
         <run_address>0x380090</run_address>
         <size>0x1</size>
         <input_file_ref idref="fl-7"/>
      </object_component>
      <object_component id="oc-4d">
         <name>.debug_line</name>
         <load_address>0x0</load_address>
         <run_address>0x0</run_address>
         <size>0x49</size>
         <input_file_ref idref="fl-2"/>
      </object_component>
      <object_component id="oc-53">
         <name>.debug_line</name>
         <load_address>0x49</load_address>
         <run_address>0x49</run_address>
         <size>0x51</size>
         <input_file_ref idref="fl-3"/>
      </object_component>
      <object_component id="oc-58">
         <name>.debug_line</name>
         <load_address>0x9a</load_address>
         <run_address>0x9a</run_address>
         <size>0x61</size>
         <input_file_ref idref="fl-4"/>
      </object_component>
      <object_component id="oc-5f">
         <name>.debug_line</name>
         <load_address>0xfb</load_address>
         <run_address>0xfb</run_address>
         <size>0x38</size>
         <input_file_ref idref="fl-5"/>
      </object_component>
      <object_component id="oc-65">
         <name>.debug_line</name>
         <load_address>0x133</load_address>
         <run_address>0x133</run_address>
         <size>0x74e</size>
         <input_file_ref idref="fl-6"/>
      </object_component>
      <object_component id="oc-9e">
         <name>.debug_line</name>
         <load_address>0x881</load_address>
         <run_address>0x881</run_address>
         <size>0x86</size>
         <input_file_ref idref="fl-8"/>
      </object_component>
      <object_component id="oc-a3">
         <name>.debug_line</name>
         <load_address>0x907</load_address>
         <run_address>0x907</run_address>
         <size>0x68</size>
         <input_file_ref idref="fl-9"/>
      </object_component>
      <object_component id="oc-a8">
         <name>.debug_line</name>
         <load_address>0x96f</load_address>
         <run_address>0x96f</run_address>
         <size>0x145</size>
         <input_file_ref idref="fl-a"/>
      </object_component>
      <object_component id="oc-ac">
         <name>.debug_line</name>
         <load_address>0xab4</load_address>
         <run_address>0xab4</run_address>
         <size>0x48</size>
         <input_file_ref idref="fl-b"/>
      </object_component>
      <object_component id="oc-b6">
         <name>.debug_line</name>
         <load_address>0xafc</load_address>
         <run_address>0xafc</run_address>
         <size>0x318</size>
         <input_file_ref idref="fl-c"/>
      </object_component>
      <object_component id="oc-bb">
         <name>.debug_line</name>
         <load_address>0xe14</load_address>
         <run_address>0xe14</run_address>
         <size>0x57</size>
         <input_file_ref idref="fl-1d"/>
      </object_component>
      <object_component id="oc-c1">
         <name>.debug_line</name>
         <load_address>0xe6b</load_address>
         <run_address>0xe6b</run_address>
         <size>0xa2</size>
         <input_file_ref idref="fl-1e"/>
      </object_component>
      <object_component id="oc-c6">
         <name>.debug_line</name>
         <load_address>0xf0d</load_address>
         <run_address>0xf0d</run_address>
         <size>0x50</size>
         <input_file_ref idref="fl-1f"/>
      </object_component>
      <object_component id="oc-cb">
         <name>.debug_line</name>
         <load_address>0xf5d</load_address>
         <run_address>0xf5d</run_address>
         <size>0x60</size>
         <input_file_ref idref="fl-20"/>
      </object_component>
      <object_component id="oc-d1">
         <name>.debug_line</name>
         <load_address>0xfbd</load_address>
         <run_address>0xfbd</run_address>
         <size>0x7e</size>
         <input_file_ref idref="fl-21"/>
      </object_component>
      <object_component id="oc-d6">
         <name>.debug_line</name>
         <load_address>0x103b</load_address>
         <run_address>0x103b</run_address>
         <size>0xad</size>
         <input_file_ref idref="fl-22"/>
      </object_component>
      <object_component id="oc-db">
         <name>.debug_line</name>
         <load_address>0x10e8</load_address>
         <run_address>0x10e8</run_address>
         <size>0x50</size>
         <input_file_ref idref="fl-23"/>
      </object_component>
      <object_component id="oc-e0">
         <name>.debug_line</name>
         <load_address>0x1138</load_address>
         <run_address>0x1138</run_address>
         <size>0x62</size>
         <input_file_ref idref="fl-24"/>
      </object_component>
      <object_component id="oc-e5">
         <name>.debug_line</name>
         <load_address>0x119a</load_address>
         <run_address>0x119a</run_address>
         <size>0x3e</size>
         <input_file_ref idref="fl-25"/>
      </object_component>
      <object_component id="oc-ea">
         <name>.debug_line</name>
         <load_address>0x11d8</load_address>
         <run_address>0x11d8</run_address>
         <size>0x3a</size>
         <input_file_ref idref="fl-26"/>
      </object_component>
      <object_component id="oc-f1">
         <name>.debug_line</name>
         <load_address>0x1212</load_address>
         <run_address>0x1212</run_address>
         <size>0x65</size>
         <input_file_ref idref="fl-27"/>
      </object_component>
      <object_component id="oc-f6">
         <name>.debug_line</name>
         <load_address>0x1277</load_address>
         <run_address>0x1277</run_address>
         <size>0x5e</size>
         <input_file_ref idref="fl-28"/>
      </object_component>
      <object_component id="oc-fb">
         <name>.debug_line</name>
         <load_address>0x12d5</load_address>
         <run_address>0x12d5</run_address>
         <size>0x55</size>
         <input_file_ref idref="fl-29"/>
      </object_component>
      <object_component id="oc-4e">
         <name>.debug_info</name>
         <load_address>0x0</load_address>
         <run_address>0x0</run_address>
         <size>0x109</size>
         <input_file_ref idref="fl-2"/>
      </object_component>
      <object_component id="oc-51">
         <name>.debug_info</name>
         <load_address>0x109</load_address>
         <run_address>0x109</run_address>
         <size>0x1ef3</size>
         <input_file_ref idref="fl-3"/>
      </object_component>
      <object_component id="oc-59">
         <name>.debug_info</name>
         <load_address>0x1ffc</load_address>
         <run_address>0x1ffc</run_address>
         <size>0x140</size>
         <input_file_ref idref="fl-4"/>
      </object_component>
      <object_component id="oc-5c">
         <name>.debug_info</name>
         <load_address>0x213c</load_address>
         <run_address>0x213c</run_address>
         <size>0x821</size>
         <input_file_ref idref="fl-5"/>
      </object_component>
      <object_component id="oc-62">
         <name>.debug_info</name>
         <load_address>0x295d</load_address>
         <run_address>0x295d</run_address>
         <size>0x1fec</size>
         <input_file_ref idref="fl-6"/>
      </object_component>
      <object_component id="oc-68">
         <name>.debug_info</name>
         <load_address>0x4949</load_address>
         <run_address>0x4949</run_address>
         <size>0x133b5</size>
         <input_file_ref idref="fl-7"/>
      </object_component>
      <object_component id="oc-9c">
         <name>.debug_info</name>
         <load_address>0x17cfe</load_address>
         <run_address>0x17cfe</run_address>
         <size>0xb29</size>
         <input_file_ref idref="fl-8"/>
      </object_component>
      <object_component id="oc-a1">
         <name>.debug_info</name>
         <load_address>0x18827</load_address>
         <run_address>0x18827</run_address>
         <size>0x229b</size>
         <input_file_ref idref="fl-9"/>
      </object_component>
      <object_component id="oc-a6">
         <name>.debug_info</name>
         <load_address>0x1aac2</load_address>
         <run_address>0x1aac2</run_address>
         <size>0x2042</size>
         <input_file_ref idref="fl-a"/>
      </object_component>
      <object_component id="oc-ad">
         <name>.debug_info</name>
         <load_address>0x1cb04</load_address>
         <run_address>0x1cb04</run_address>
         <size>0x109</size>
         <input_file_ref idref="fl-b"/>
      </object_component>
      <object_component id="oc-b0">
         <name>.debug_info</name>
         <load_address>0x1cc0d</load_address>
         <run_address>0x1cc0d</run_address>
         <size>0x7996</size>
         <input_file_ref idref="fl-c"/>
      </object_component>
      <object_component id="oc-b9">
         <name>.debug_info</name>
         <load_address>0x245a3</load_address>
         <run_address>0x245a3</run_address>
         <size>0x3dc</size>
         <input_file_ref idref="fl-1d"/>
      </object_component>
      <object_component id="oc-be">
         <name>.debug_info</name>
         <load_address>0x2497f</load_address>
         <run_address>0x2497f</run_address>
         <size>0x4f0</size>
         <input_file_ref idref="fl-1e"/>
      </object_component>
      <object_component id="oc-c4">
         <name>.debug_info</name>
         <load_address>0x24e6f</load_address>
         <run_address>0x24e6f</run_address>
         <size>0x3d0</size>
         <input_file_ref idref="fl-1f"/>
      </object_component>
      <object_component id="oc-c9">
         <name>.debug_info</name>
         <load_address>0x2523f</load_address>
         <run_address>0x2523f</run_address>
         <size>0x3e2</size>
         <input_file_ref idref="fl-20"/>
      </object_component>
      <object_component id="oc-d0">
         <name>.debug_info</name>
         <load_address>0x25621</load_address>
         <run_address>0x25621</run_address>
         <size>0x174</size>
         <input_file_ref idref="fl-21"/>
      </object_component>
      <object_component id="oc-d5">
         <name>.debug_info</name>
         <load_address>0x25795</load_address>
         <run_address>0x25795</run_address>
         <size>0x115</size>
         <input_file_ref idref="fl-22"/>
      </object_component>
      <object_component id="oc-d9">
         <name>.debug_info</name>
         <load_address>0x258aa</load_address>
         <run_address>0x258aa</run_address>
         <size>0x562</size>
         <input_file_ref idref="fl-23"/>
      </object_component>
      <object_component id="oc-de">
         <name>.debug_info</name>
         <load_address>0x25e0c</load_address>
         <run_address>0x25e0c</run_address>
         <size>0x43b</size>
         <input_file_ref idref="fl-24"/>
      </object_component>
      <object_component id="oc-e3">
         <name>.debug_info</name>
         <load_address>0x26247</load_address>
         <run_address>0x26247</run_address>
         <size>0x3ae</size>
         <input_file_ref idref="fl-25"/>
      </object_component>
      <object_component id="oc-e8">
         <name>.debug_info</name>
         <load_address>0x265f5</load_address>
         <run_address>0x265f5</run_address>
         <size>0x3ab</size>
         <input_file_ref idref="fl-26"/>
      </object_component>
      <object_component id="oc-ed">
         <name>.debug_info</name>
         <load_address>0x269a0</load_address>
         <run_address>0x269a0</run_address>
         <size>0x545</size>
         <input_file_ref idref="fl-27"/>
      </object_component>
      <object_component id="oc-f4">
         <name>.debug_info</name>
         <load_address>0x26ee5</load_address>
         <run_address>0x26ee5</run_address>
         <size>0x4cd</size>
         <input_file_ref idref="fl-28"/>
      </object_component>
      <object_component id="oc-f9">
         <name>.debug_info</name>
         <load_address>0x273b2</load_address>
         <run_address>0x273b2</run_address>
         <size>0x468</size>
         <input_file_ref idref="fl-29"/>
      </object_component>
      <object_component id="oc-fe">
         <name>.debug_info</name>
         <load_address>0x2781a</load_address>
         <run_address>0x2781a</run_address>
         <size>0x1c7</size>
         <input_file_ref idref="fl-2a"/>
      </object_component>
      <object_component id="oc-1c7">
         <name>.debug_info</name>
         <load_address>0x279e1</load_address>
         <run_address>0x279e1</run_address>
         <size>0xc2</size>
      </object_component>
      <object_component id="oc-4f">
         <name>.debug_abbrev</name>
         <load_address>0x0</load_address>
         <run_address>0x0</run_address>
         <size>0x2f</size>
         <input_file_ref idref="fl-2"/>
      </object_component>
      <object_component id="oc-54">
         <name>.debug_abbrev</name>
         <load_address>0x2f</load_address>
         <run_address>0x2f</run_address>
         <size>0x10f</size>
         <input_file_ref idref="fl-3"/>
      </object_component>
      <object_component id="oc-5a">
         <name>.debug_abbrev</name>
         <load_address>0x13e</load_address>
         <run_address>0x13e</run_address>
         <size>0x21</size>
         <input_file_ref idref="fl-4"/>
      </object_component>
      <object_component id="oc-60">
         <name>.debug_abbrev</name>
         <load_address>0x15f</load_address>
         <run_address>0x15f</run_address>
         <size>0xfd</size>
         <input_file_ref idref="fl-5"/>
      </object_component>
      <object_component id="oc-66">
         <name>.debug_abbrev</name>
         <load_address>0x25c</load_address>
         <run_address>0x25c</run_address>
         <size>0xa8</size>
         <input_file_ref idref="fl-6"/>
      </object_component>
      <object_component id="oc-9b">
         <name>.debug_abbrev</name>
         <load_address>0x304</load_address>
         <run_address>0x304</run_address>
         <size>0xb7</size>
         <input_file_ref idref="fl-7"/>
      </object_component>
      <object_component id="oc-9f">
         <name>.debug_abbrev</name>
         <load_address>0x3bb</load_address>
         <run_address>0x3bb</run_address>
         <size>0xc8</size>
         <input_file_ref idref="fl-8"/>
      </object_component>
      <object_component id="oc-a4">
         <name>.debug_abbrev</name>
         <load_address>0x483</load_address>
         <run_address>0x483</run_address>
         <size>0x116</size>
         <input_file_ref idref="fl-9"/>
      </object_component>
      <object_component id="oc-a9">
         <name>.debug_abbrev</name>
         <load_address>0x599</load_address>
         <run_address>0x599</run_address>
         <size>0x17b</size>
         <input_file_ref idref="fl-a"/>
      </object_component>
      <object_component id="oc-ae">
         <name>.debug_abbrev</name>
         <load_address>0x714</load_address>
         <run_address>0x714</run_address>
         <size>0x2f</size>
         <input_file_ref idref="fl-b"/>
      </object_component>
      <object_component id="oc-b7">
         <name>.debug_abbrev</name>
         <load_address>0x743</load_address>
         <run_address>0x743</run_address>
         <size>0x1b0</size>
         <input_file_ref idref="fl-c"/>
      </object_component>
      <object_component id="oc-bc">
         <name>.debug_abbrev</name>
         <load_address>0x8f3</load_address>
         <run_address>0x8f3</run_address>
         <size>0xa4</size>
         <input_file_ref idref="fl-1d"/>
      </object_component>
      <object_component id="oc-c2">
         <name>.debug_abbrev</name>
         <load_address>0x997</load_address>
         <run_address>0x997</run_address>
         <size>0xc1</size>
         <input_file_ref idref="fl-1e"/>
      </object_component>
      <object_component id="oc-c7">
         <name>.debug_abbrev</name>
         <load_address>0xa58</load_address>
         <run_address>0xa58</run_address>
         <size>0x84</size>
         <input_file_ref idref="fl-1f"/>
      </object_component>
      <object_component id="oc-cc">
         <name>.debug_abbrev</name>
         <load_address>0xadc</load_address>
         <run_address>0xadc</run_address>
         <size>0x84</size>
         <input_file_ref idref="fl-20"/>
      </object_component>
      <object_component id="oc-d2">
         <name>.debug_abbrev</name>
         <load_address>0xb60</load_address>
         <run_address>0xb60</run_address>
         <size>0x46</size>
         <input_file_ref idref="fl-21"/>
      </object_component>
      <object_component id="oc-d7">
         <name>.debug_abbrev</name>
         <load_address>0xba6</load_address>
         <run_address>0xba6</run_address>
         <size>0x38</size>
         <input_file_ref idref="fl-22"/>
      </object_component>
      <object_component id="oc-dc">
         <name>.debug_abbrev</name>
         <load_address>0xbde</load_address>
         <run_address>0xbde</run_address>
         <size>0xe3</size>
         <input_file_ref idref="fl-23"/>
      </object_component>
      <object_component id="oc-e1">
         <name>.debug_abbrev</name>
         <load_address>0xcc1</load_address>
         <run_address>0xcc1</run_address>
         <size>0xa8</size>
         <input_file_ref idref="fl-24"/>
      </object_component>
      <object_component id="oc-e6">
         <name>.debug_abbrev</name>
         <load_address>0xd69</load_address>
         <run_address>0xd69</run_address>
         <size>0x68</size>
         <input_file_ref idref="fl-25"/>
      </object_component>
      <object_component id="oc-eb">
         <name>.debug_abbrev</name>
         <load_address>0xdd1</load_address>
         <run_address>0xdd1</run_address>
         <size>0x66</size>
         <input_file_ref idref="fl-26"/>
      </object_component>
      <object_component id="oc-f2">
         <name>.debug_abbrev</name>
         <load_address>0xe37</load_address>
         <run_address>0xe37</run_address>
         <size>0x130</size>
         <input_file_ref idref="fl-27"/>
      </object_component>
      <object_component id="oc-f7">
         <name>.debug_abbrev</name>
         <load_address>0xf67</load_address>
         <run_address>0xf67</run_address>
         <size>0xb2</size>
         <input_file_ref idref="fl-28"/>
      </object_component>
      <object_component id="oc-fc">
         <name>.debug_abbrev</name>
         <load_address>0x1019</load_address>
         <run_address>0x1019</run_address>
         <size>0xee</size>
         <input_file_ref idref="fl-29"/>
      </object_component>
      <object_component id="oc-101">
         <name>.debug_abbrev</name>
         <load_address>0x1107</load_address>
         <run_address>0x1107</run_address>
         <size>0x31</size>
         <input_file_ref idref="fl-2a"/>
      </object_component>
      <object_component id="oc-1c8">
         <name>.debug_abbrev</name>
         <load_address>0x1138</load_address>
         <run_address>0x1138</run_address>
         <size>0xf</size>
      </object_component>
      <object_component id="oc-50">
         <name>.debug_aranges</name>
         <load_address>0x0</load_address>
         <run_address>0x0</run_address>
         <size>0x20</size>
         <input_file_ref idref="fl-2"/>
      </object_component>
      <object_component id="oc-55">
         <name>.debug_aranges</name>
         <load_address>0x20</load_address>
         <run_address>0x20</run_address>
         <size>0x20</size>
         <input_file_ref idref="fl-3"/>
      </object_component>
      <object_component id="oc-5b">
         <name>.debug_aranges</name>
         <load_address>0x40</load_address>
         <run_address>0x40</run_address>
         <size>0x28</size>
         <input_file_ref idref="fl-4"/>
      </object_component>
      <object_component id="oc-61">
         <name>.debug_aranges</name>
         <load_address>0x68</load_address>
         <run_address>0x68</run_address>
         <size>0x18</size>
         <input_file_ref idref="fl-5"/>
      </object_component>
      <object_component id="oc-67">
         <name>.debug_aranges</name>
         <load_address>0x80</load_address>
         <run_address>0x80</run_address>
         <size>0x290</size>
         <input_file_ref idref="fl-6"/>
      </object_component>
      <object_component id="oc-a0">
         <name>.debug_aranges</name>
         <load_address>0x310</load_address>
         <run_address>0x310</run_address>
         <size>0x28</size>
         <input_file_ref idref="fl-8"/>
      </object_component>
      <object_component id="oc-a5">
         <name>.debug_aranges</name>
         <load_address>0x338</load_address>
         <run_address>0x338</run_address>
         <size>0x20</size>
         <input_file_ref idref="fl-9"/>
      </object_component>
      <object_component id="oc-aa">
         <name>.debug_aranges</name>
         <load_address>0x358</load_address>
         <run_address>0x358</run_address>
         <size>0x48</size>
         <input_file_ref idref="fl-a"/>
      </object_component>
      <object_component id="oc-af">
         <name>.debug_aranges</name>
         <load_address>0x3a0</load_address>
         <run_address>0x3a0</run_address>
         <size>0x20</size>
         <input_file_ref idref="fl-b"/>
      </object_component>
      <object_component id="oc-b8">
         <name>.debug_aranges</name>
         <load_address>0x3c0</load_address>
         <run_address>0x3c0</run_address>
         <size>0x60</size>
         <input_file_ref idref="fl-c"/>
      </object_component>
      <object_component id="oc-bd">
         <name>.debug_aranges</name>
         <load_address>0x420</load_address>
         <run_address>0x420</run_address>
         <size>0x20</size>
         <input_file_ref idref="fl-1d"/>
      </object_component>
      <object_component id="oc-c3">
         <name>.debug_aranges</name>
         <load_address>0x440</load_address>
         <run_address>0x440</run_address>
         <size>0x20</size>
         <input_file_ref idref="fl-1e"/>
      </object_component>
      <object_component id="oc-c8">
         <name>.debug_aranges</name>
         <load_address>0x460</load_address>
         <run_address>0x460</run_address>
         <size>0x20</size>
         <input_file_ref idref="fl-1f"/>
      </object_component>
      <object_component id="oc-cd">
         <name>.debug_aranges</name>
         <load_address>0x480</load_address>
         <run_address>0x480</run_address>
         <size>0x20</size>
         <input_file_ref idref="fl-20"/>
      </object_component>
      <object_component id="oc-d3">
         <name>.debug_aranges</name>
         <load_address>0x4a0</load_address>
         <run_address>0x4a0</run_address>
         <size>0x20</size>
         <input_file_ref idref="fl-21"/>
      </object_component>
      <object_component id="oc-d8">
         <name>.debug_aranges</name>
         <load_address>0x4c0</load_address>
         <run_address>0x4c0</run_address>
         <size>0x20</size>
         <input_file_ref idref="fl-22"/>
      </object_component>
      <object_component id="oc-dd">
         <name>.debug_aranges</name>
         <load_address>0x4e0</load_address>
         <run_address>0x4e0</run_address>
         <size>0x20</size>
         <input_file_ref idref="fl-23"/>
      </object_component>
      <object_component id="oc-e2">
         <name>.debug_aranges</name>
         <load_address>0x500</load_address>
         <run_address>0x500</run_address>
         <size>0x20</size>
         <input_file_ref idref="fl-24"/>
      </object_component>
      <object_component id="oc-e7">
         <name>.debug_aranges</name>
         <load_address>0x520</load_address>
         <run_address>0x520</run_address>
         <size>0x20</size>
         <input_file_ref idref="fl-25"/>
      </object_component>
      <object_component id="oc-ec">
         <name>.debug_aranges</name>
         <load_address>0x540</load_address>
         <run_address>0x540</run_address>
         <size>0x20</size>
         <input_file_ref idref="fl-26"/>
      </object_component>
      <object_component id="oc-f3">
         <name>.debug_aranges</name>
         <load_address>0x560</load_address>
         <run_address>0x560</run_address>
         <size>0x28</size>
         <input_file_ref idref="fl-27"/>
      </object_component>
      <object_component id="oc-f8">
         <name>.debug_aranges</name>
         <load_address>0x588</load_address>
         <run_address>0x588</run_address>
         <size>0x30</size>
         <input_file_ref idref="fl-28"/>
      </object_component>
      <object_component id="oc-fd">
         <name>.debug_aranges</name>
         <load_address>0x5b8</load_address>
         <run_address>0x5b8</run_address>
         <size>0x20</size>
         <input_file_ref idref="fl-29"/>
      </object_component>
      <object_component id="oc-52">
         <name>.debug_frame</name>
         <load_address>0x0</load_address>
         <run_address>0x0</run_address>
         <size>0x40</size>
         <input_file_ref idref="fl-3"/>
      </object_component>
      <object_component id="oc-5e">
         <name>.debug_frame</name>
         <load_address>0x40</load_address>
         <run_address>0x40</run_address>
         <size>0x28</size>
         <input_file_ref idref="fl-5"/>
      </object_component>
      <object_component id="oc-64">
         <name>.debug_frame</name>
         <load_address>0x68</load_address>
         <run_address>0x68</run_address>
         <size>0xa08</size>
         <input_file_ref idref="fl-6"/>
      </object_component>
      <object_component id="oc-9d">
         <name>.debug_frame</name>
         <load_address>0xa70</load_address>
         <run_address>0xa70</run_address>
         <size>0x58</size>
         <input_file_ref idref="fl-8"/>
      </object_component>
      <object_component id="oc-a2">
         <name>.debug_frame</name>
         <load_address>0xac8</load_address>
         <run_address>0xac8</run_address>
         <size>0x44</size>
         <input_file_ref idref="fl-9"/>
      </object_component>
      <object_component id="oc-a7">
         <name>.debug_frame</name>
         <load_address>0xb0c</load_address>
         <run_address>0xb0c</run_address>
         <size>0xc0</size>
         <input_file_ref idref="fl-a"/>
      </object_component>
      <object_component id="oc-b5">
         <name>.debug_frame</name>
         <load_address>0xbcc</load_address>
         <run_address>0xbcc</run_address>
         <size>0x1c8</size>
         <input_file_ref idref="fl-c"/>
      </object_component>
      <object_component id="oc-ba">
         <name>.debug_frame</name>
[...]
         <object_component_ref idref="oc-b2"/>
      </symbol>
      <symbol id="sm-37d">
         <name>_Tensao_Bf</name>
         <value>0xc1c8</value>
         <object_component_ref idref="oc-117"/>
      </symbol>
      <symbol id="sm-37e">
         <name>_Teta</name>
         <value>0xc048</value>
         <object_component_ref idref="oc-b2"/>
      </symbol>
      <symbol id="sm-37f">
         <name>_Iq_ref</name>
         <value>0xc1a8</value>
         <object_component_ref idref="oc-15f"/>
      </symbol>
      <symbol id="sm-380">
         <name>_Erro_P</name>
         <value>0xc17c</value>
         <object_component_ref idref="oc-159"/>
      </symbol>
      <symbol id="sm-381">
         <name>_Erro_Q</name>
         <value>0xc180</value>
         <object_component_ref idref="oc-15b"/>
      </symbol>
      <symbol id="sm-382">
         <name>_Tensao_Cf</name>
         <value>0xc1cc</value>
         <object_component_ref idref="oc-119"/>
      </symbol>
      <symbol id="sm-383">
         <name>_V_beta_int</name>
         <value>0xc1e4</value>
         <object_component_ref idref="oc-135"/>
      </symbol>
      <symbol id="sm-384">
         <name>_Data_Estimation</name>
         <value>0x92da</value>
         <object_component_ref idref="oc-125"/>
      </symbol>
      <symbol id="sm-385">
         <name>_setup_EPWM_first_time</name>
         <value>0xc009</value>
         <object_component_ref idref="oc-b2"/>
      </symbol>
      <symbol id="sm-386">
         <name>_Erro_id</name>
         <value>0xc184</value>
         <object_component_ref idref="oc-161"/>
      </symbol>
      <symbol id="sm-387">
         <name>_Erro_iq</name>
         <value>0xc188</value>
         <object_component_ref idref="oc-165"/>
      </symbol>
      <symbol id="sm-388">
         <name>_Vcc</name>
         <value>0xc140</value>
         <object_component_ref idref="oc-113"/>
      </symbol>
      <symbol id="sm-389">
         <name>_Tensao_C_RMS</name>
         <value>0xc026</value>
         <object_component_ref idref="oc-b2"/>
      </symbol>
      <symbol id="sm-38a">
         <name>_PI</name>
         <value>0xc00a</value>
         <object_component_ref idref="oc-b2"/>
      </symbol>
      <symbol id="sm-38b">
         <name>_Gpio_select</name>
         <value>0x9079</value>
         <object_component_ref idref="oc-125"/>
      </symbol>
      <symbol id="sm-38c">
         <name>_InvFaseC</name>
         <value>0xc06c</value>
         <object_component_ref idref="oc-b2"/>
      </symbol>
      <symbol id="sm-38d">
         <name>_InvFaseB</name>
         <value>0xc06a</value>
         <object_component_ref idref="oc-b2"/>
      </symbol>
      <symbol id="sm-38e">
         <name>_InvFaseA</name>
         <value>0xc068</value>
         <object_component_ref idref="oc-b2"/>
      </symbol>
      <symbol id="sm-38f">
         <name>_Iq_med</name>
         <value>0xc1a0</value>
         <object_component_ref idref="oc-147"/>
      </symbol>
      <symbol id="sm-390">
         <name>_Kad</name>
         <value>0xc020</value>
         <object_component_ref idref="oc-b2"/>
      </symbol>
      <symbol id="sm-391">
         <name>_Vq_med</name>
         <value>0xc1f8</value>
         <object_component_ref idref="oc-142"/>
      </symbol>
      <symbol id="sm-392">
         <name>_L_Filt</name>
         <value>0xc04c</value>
         <object_component_ref idref="oc-b2"/>
      </symbol>
      <symbol id="sm-393">
         <name>_Tensao_B_RMS</name>
         <value>0xc024</value>
         <object_component_ref idref="oc-b2"/>
      </symbol>
      <symbol id="sm-394">
         <name>_Id_pu</name>
         <value>0xc054</value>
         <object_component_ref idref="oc-b2"/>
      </symbol>
      <symbol id="sm-395">
         <name>_Setup_ePWM</name>
         <value>0x93a5</value>
         <object_component_ref idref="oc-125"/>
      </symbol>
      <symbol id="sm-396">
         <name>_Iq_medf</name>
         <value>0xc1a4</value>
         <object_component_ref idref="oc-14f"/>
      </symbol>
      <symbol id="sm-397">
         <name>_L_pu</name>
         <value>0xc04e</value>
         <object_component_ref idref="oc-b2"/>
      </symbol>
      <symbol id="sm-398">
         <name>_Soma_Tensao_B</name>
         <value>0xc02a</value>
         <object_component_ref idref="oc-b2"/>
      </symbol>
      <symbol id="sm-399">
         <name>_Soma_Tensao_C</name>
         <value>0xc02c</value>
         <object_component_ref idref="oc-b2"/>
      </symbol>
      <symbol id="sm-39a">
         <name>_Soma_Tensao_A</name>
         <value>0xc028</value>
         <object_component_ref idref="oc-b2"/>
      </symbol>
      <symbol id="sm-39b">
         <name>_KI_PCI</name>
         <value>0xc01e</value>
         <object_component_ref idref="oc-b2"/>
      </symbol>
      <symbol id="sm-39c">
         <name>_Eq_inv</name>
         <value>0xc066</value>
         <object_component_ref idref="oc-b2"/>
      </symbol>
      <symbol id="sm-39d">
         <name>_K6</name>
         <value>0xc062</value>
         <object_component_ref idref="oc-b2"/>
      </symbol>
      <symbol id="sm-39e">
         <name>_K5</name>
         <value>0xc060</value>
         <object_component_ref idref="oc-b2"/>
      </symbol>
      <symbol id="sm-39f">
         <name>_K4</name>
         <value>0xc05e</value>
         <object_component_ref idref="oc-b2"/>
      </symbol>
      <symbol id="sm-3a0">
         <name>_K3</name>
         <value>0xc05c</value>
         <object_component_ref idref="oc-b2"/>
      </symbol>
      <symbol id="sm-3a1">
         <name>_K2</name>
         <value>0xc05a</value>
         <object_component_ref idref="oc-b2"/>
      </symbol>
      <symbol id="sm-3a2">
         <name>_K1</name>
         <value>0xc058</value>
         <object_component_ref idref="oc-b2"/>
      </symbol>
      <symbol id="sm-3a3">
         <name>_Id_medf</name>
         <value>0xc198</value>
         <object_component_ref idref="oc-14d"/>
      </symbol>
      <symbol id="sm-3a4">
         <name>_Q_medf</name>
         <value>0xc1c0</value>
         <object_component_ref idref="oc-157"/>
      </symbol>
      <symbol id="sm-3a5">
         <name>_P_medf</name>
         <value>0xc1b0</value>
         <object_component_ref idref="oc-155"/>
      </symbol>
      <symbol id="sm-3a6">
         <name>_KV_PCI_B</name>
         <value>0xc018</value>
         <object_component_ref idref="oc-b2"/>
      </symbol>
      <symbol id="sm-3a7">
         <name>_KV_PCI_C</name>
         <value>0xc01a</value>
         <object_component_ref idref="oc-b2"/>
      </symbol>
      <symbol id="sm-3a8">
         <name>_KV_PCI_A</name>
         <value>0xc016</value>
         <object_component_ref idref="oc-b2"/>
      </symbol>
      <symbol id="sm-3a9">
         <name>_Tensao_A_RMS</name>
         <value>0xc022</value>
         <object_component_ref idref="oc-b2"/>
      </symbol>
      <symbol id="sm-3aa">
         <name>_FLL_int</name>
         <value>0xc190</value>
         <object_component_ref idref="oc-139"/>
      </symbol>
      <symbol id="sm-3ab">
         <name>_Id_ref</name>
         <value>0xc19c</value>
         <object_component_ref idref="oc-15d"/>
      </symbol>
      <symbol id="sm-3ac">
         <name>_Soma_Corrente_C</name>
         <value>0xc038</value>
         <object_component_ref idref="oc-b2"/>
      </symbol>
      <symbol id="sm-3ad">
         <name>_Soma_Corrente_B</name>
         <value>0xc036</value>
         <object_component_ref idref="oc-b2"/>
      </symbol>
      <symbol id="sm-3ae">
         <name>_Soma_Corrente_A</name>
         <value>0xc034</value>
         <object_component_ref idref="oc-b2"/>
      </symbol>
      <symbol id="sm-3af">
         <name>_Corrente_A</name>
         <value>0xc080</value>
         <object_component_ref idref="oc-107"/>
      </symbol>
      <symbol id="sm-3b0">
         <name>_Corrente_B</name>
         <value>0xc0a0</value>
         <object_component_ref idref="oc-109"/>
      </symbol>
      <symbol id="sm-3b1">
         <name>_Corrente_C</name>
         <value>0xc0c0</value>
         <object_component_ref idref="oc-10b"/>
      </symbol>
      <symbol id="sm-3b2">
         <name>_Change_ePWM</name>
         <value>0x9892</value>
         <object_component_ref idref="oc-125"/>
      </symbol>
      <symbol id="sm-3b3">
         <name>_I_base</name>
         <value>0xc010</value>
         <object_component_ref idref="oc-b2"/>
      </symbol>
      <symbol id="sm-3b4">
         <name>_Malha_Controle</name>
         <value>0x943f</value>
         <object_component_ref idref="oc-125"/>
      </symbol>
      <symbol id="sm-3b5">
         <name>_Teste_PLL</name>
         <value>0x92c1</value>
         <object_component_ref idref="oc-125"/>
      </symbol>
      <symbol id="sm-3b6">
         <name>_S_base</name>
         <value>0xc00e</value>
         <object_component_ref idref="oc-b2"/>
      </symbol>
      <symbol id="sm-3b7">
         <name>_V_alfa_P</name>
         <value>0xc03c</value>
         <object_component_ref idref="oc-b2"/>
      </symbol>
      <symbol id="sm-3b8">
         <name>_V_base</name>
         <value>0xc00c</value>
         <object_component_ref idref="oc-b2"/>
      </symbol>
      <symbol id="sm-3b9">
         <name>_V_alfa_N</name>
         <value>0xc03e</value>
         <object_component_ref idref="oc-b2"/>
      </symbol>
      <symbol id="sm-3ba">
         <name>_Z_base</name>
         <value>0xc012</value>
         <object_component_ref idref="oc-b2"/>
      </symbol>
      <symbol id="sm-3bb">
         <name>_Vq_medf</name>
         <value>0xc1fc</value>
         <object_component_ref idref="oc-14b"/>
      </symbol>
      <symbol id="sm-3bc">
         <name>_Id_med</name>
         <value>0xc194</value>
         <object_component_ref idref="oc-145"/>
      </symbol>
      <symbol id="sm-3bd">
         <name>_V_alfa_int</name>
         <value>0xc1d8</value>
         <object_component_ref idref="oc-12f"/>
      </symbol>
      <symbol id="sm-3be">
         <name>_counter_iref_sequence</name>
         <value>0xc070</value>
         <object_component_ref idref="oc-b2"/>
      </symbol>
      <symbol id="sm-3bf">
         <name>_Vd_med</name>
         <value>0xc1f0</value>
         <object_component_ref idref="oc-140"/>
      </symbol>
      <symbol id="sm-3c0">
         <name>_KV_PCI_CC</name>
         <value>0xc01c</value>
         <object_component_ref idref="oc-b2"/>
      </symbol>
      <symbol id="sm-3c1">
         <name>_Vd_medf</name>
         <value>0xc1f4</value>
         <object_component_ref idref="oc-149"/>
      </symbol>
      <symbol id="sm-3c2">
         <name>_counter_PLL</name>
         <value>0xc008</value>
         <object_component_ref idref="oc-b2"/>
      </symbol>
      <symbol id="sm-3c3">
         <name>_V_beta_out</name>
         <value>0xc1ec</value>
         <object_component_ref idref="oc-137"/>
      </symbol>
      <symbol id="sm-3c4">
         <name>_Ed_inv</name>
         <value>0xc064</value>
         <object_component_ref idref="oc-b2"/>
      </symbol>
      <symbol id="sm-3c5">
         <name>_Vq_pu</name>
         <value>0xc052</value>
         <object_component_ref idref="oc-b2"/>
      </symbol>
      <symbol id="sm-3c6">
         <name>_V_alfa_out</name>
         <value>0xc1e0</value>
         <object_component_ref idref="oc-131"/>
      </symbol>
      <symbol id="sm-3c7">
         <name>_Corrente_C_RMS</name>
         <value>0xc032</value>
         <object_component_ref idref="oc-b2"/>
      </symbol>
      <symbol id="sm-3c8">
         <name>_Corrente_Af</name>
         <value>0xc078</value>
         <object_component_ref idref="oc-11b"/>
      </symbol>
      <symbol id="sm-3c9">
         <name>_Pi_id</name>
         <value>0xc1b4</value>
         <object_component_ref idref="oc-163"/>
      </symbol>
      <symbol id="sm-3ca">
         <name>_Corrente_Bf</name>
         <value>0xc07c</value>
         <object_component_ref idref="oc-11d"/>
      </symbol>
      <symbol id="sm-3cb">
         <name>_V_beta_inter</name>
         <value>0xc1e8</value>
         <object_component_ref idref="oc-133"/>
      </symbol>
      <symbol id="sm-3cc">
         <name>_Pi_iq</name>
         <value>0xc1b8</value>
         <object_component_ref idref="oc-167"/>
      </symbol>
      <symbol id="sm-3cd">
         <name>_first_time</name>
         <value>0xc007</value>
         <object_component_ref idref="oc-b2"/>
      </symbol>
      <symbol id="sm-3ce">
         <name>_Corrente_Cf</name>
         <value>0xc178</value>
         <object_component_ref idref="oc-11f"/>
      </symbol>
      <symbol id="sm-3cf">
         <name>_FLL_Freq</name>
         <value>0xc18c</value>
         <object_component_ref idref="oc-13b"/>
      </symbol>
      <symbol id="sm-3d0">
         <name>_Corrente_B_RMS</name>
         <value>0xc030</value>
         <object_component_ref idref="oc-b2"/>
      </symbol>
      <symbol id="sm-3d1">
         <name>_Tau</name>
         <value>0xd11c</value>
         <object_component_ref idref="oc-b3"/>
      </symbol>
      <symbol id="sm-3d2">
         <name>_Contador_Amostras</name>
         <value>0xc03a</value>
         <object_component_ref idref="oc-b2"/>
      </symbol>
      <symbol id="sm-3d3">
         <name>_V_beta_N</name>
         <value>0xc042</value>
         <object_component_ref idref="oc-b2"/>
      </symbol>
      <symbol id="sm-3d4">
         <name>_V_beta_P</name>
         <value>0xc040</value>
         <object_component_ref idref="oc-b2"/>
      </symbol>
      <symbol id="sm-3d5">
         <name>_V_CAP</name>
         <value>0xc1d0</value>
         <object_component_ref idref="oc-121"/>
      </symbol>
      <symbol id="sm-3d6">
         <name>_Corrente_A_RMS</name>
         <value>0xc02e</value>
         <object_component_ref idref="oc-b2"/>
      </symbol>
      <symbol id="sm-3d7">
         <name>_k</name>
         <value>0xd11a</value>
         <object_component_ref idref="oc-b3"/>
      </symbol>
      <symbol id="sm-3d8">
         <name>_Vpll</name>
         <value>0xc04a</value>
         <object_component_ref idref="oc-b2"/>
      </symbol>
      <symbol id="sm-3d9">
         <name>_P_med</name>
         <value>0xc1ac</value>
         <object_component_ref idref="oc-151"/>
      </symbol>
      <symbol id="sm-3da">
         <name>_Iq_pu</name>
         <value>0xc056</value>
         <object_component_ref idref="oc-b2"/>
      </symbol>
      <symbol id="sm-3db">
         <name>_counter_iref</name>
         <value>0xc06e</value>
         <object_component_ref idref="oc-b2"/>
      </symbol>
      <symbol id="sm-3dc">
         <name>_Vd_pu</name>
         <value>0xc050</value>
         <object_component_ref idref="oc-b2"/>
      </symbol>
      <symbol id="sm-3dd">
         <name>_V_alfa_inter</name>
         <value>0xc1dc</value>
         <object_component_ref idref="oc-12d"/>
      </symbol>
      <symbol id="sm-3ed">
         <name>_sqrtf</name>
         <value>0xa212</value>
         <object_component_ref idref="oc-13f"/>
      </symbol>
      <symbol id="sm-3ee">
         <name>_sqrt</name>
         <value>0xa212</value>
         <object_component_ref idref="oc-13f"/>
      </symbol>
      <symbol id="sm-413">
         <name>_atan</name>
         <value>0x9f5d</value>
         <object_component_ref idref="oc-13d"/>
      </symbol>
      <symbol id="sm-414">
         <name>_atanf</name>
         <value>0x9f5d</value>
         <object_component_ref idref="oc-13d"/>
      </symbol>
      <symbol id="sm-422">
         <name>_cos</name>
         <value>0xa0af</value>
         <object_component_ref idref="oc-13e"/>
      </symbol>
      <symbol id="sm-423">
         <name>_cosf</name>
         <value>0xa0af</value>
         <object_component_ref idref="oc-13e"/>
      </symbol>
      <symbol id="sm-430">
         <name>_sin</name>
         <value>0xa112</value>
         <object_component_ref idref="oc-144"/>
      </symbol>
      <symbol id="sm-431">
         <name>_sinf</name>
         <value>0xa112</value>
         <object_component_ref idref="oc-144"/>
      </symbol>
      <symbol id="sm-44c">
         <name>_c_int00</name>
         <value>0xa16b</value>
         <object_component_ref idref="oc-4b"/>
      </symbol>
      <symbol id="sm-44d">
         <name>__stack</name>
         <value>0x400</value>
         <object_component_ref idref="oc-ce"/>
      </symbol>
      <symbol id="sm-45e">
         <name>FS$$DIV</name>
         <value>0xa027</value>
         <object_component_ref idref="oc-d4"/>
      </symbol>
      <symbol id="sm-46d">
         <name>_copy_in</name>
         <value>0xa239</value>
         <object_component_ref idref="oc-103"/>
      </symbol>
      <symbol id="sm-47e">
         <name>_memcpy</name>
         <value>0xa27d</value>
         <object_component_ref idref="oc-126"/>
      </symbol>
      <symbol id="sm-48a">
         <name>__system_pre_init</name>
         <value>0xa2d8</value>
         <object_component_ref idref="oc-102"/>
      </symbol>
      <symbol id="sm-497">
         <name>__system_post_cinit</name>
         <value>0xa2da</value>
         <object_component_ref idref="oc-104"/>
      </symbol>
      <symbol id="sm-4ab">
         <name>C$$EXIT</name>
         <value>0xa1c1</value>
         <object_component_ref idref="oc-106"/>
      </symbol>
      <symbol id="sm-4ac">
         <name>_exit</name>
         <value>0xa1c3</value>
         <object_component_ref idref="oc-106"/>
      </symbol>
      <symbol id="sm-4ad">
         <name>___TI_cleanup_ptr</name>
         <value>0xc074</value>
         <object_component_ref idref="oc-ef"/>
      </symbol>
      <symbol id="sm-4ae">
         <name>___TI_enable_exit_profile_output</name>
         <value>0xc072</value>
         <object_component_ref idref="oc-ef"/>
      </symbol>
      <symbol id="sm-4af">
         <name>_abort</name>
         <value>0xa1c1</value>
         <object_component_ref idref="oc-106"/>
      </symbol>
      <symbol id="sm-4b0">
         <name>___TI_dtors_ptr</name>
         <value>0xc076</value>
         <object_component_ref idref="oc-ef"/>
      </symbol>
      <symbol id="sm-4c4">
         <name>__unlock</name>
         <value>0xc202</value>
         <object_component_ref idref="oc-16f"/>
      </symbol>
      <symbol id="sm-4c5">
         <name>__lock</name>
         <value>0xc200</value>
         <object_component_ref idref="oc-127"/>
      </symbol>
      <symbol id="sm-4c6">
         <name>__register_lock</name>
         <value>0xa2cb</value>
         <object_component_ref idref="oc-169"/>
      </symbol>
      <symbol id="sm-4c7">
         <name>__nop</name>
         <value>0xa2cf</value>
         <object_component_ref idref="oc-169"/>
      </symbol>
      <symbol id="sm-4c8">
         <name>__register_unlock</name>
         <value>0xa2c7</value>
         <object_component_ref idref="oc-169"/>
      </symbol>
      <symbol id="sm-4d7">
         <name>__args_main</name>
         <value>0xa29a</value>
         <object_component_ref idref="oc-105"/>
      </symbol>
      <symbol id="sm-4e1">
         <name>_errno</name>
         <value>0xc204</value>
         <object_component_ref idref="oc-100"/>
      </symbol>
   </symbol_table>
   <title>Link successful</title>
</link_info>
